###############################################################################
#
# IAR ELF Linker V8.22.1.15669/W32 for ARM                13/Jul/2019  19:12:55
# Copyright 2007-2018 IAR Systems AB.
#
#    Output file  =  
#        F:\K66系列工程文件夹\K66代码发布\K66_Jlink_UART3\L车工程\Prj\IAR\MK66FX18_Debug\Exe\vcan_Kinetis.out
#    Map file     =  
#        F:\K66系列工程文件夹\K66代码发布\K66_Jlink_UART3\L车工程\Prj\IAR\MK66FX18_Debug\List\vcan_Kinetis.map
#    Command line =  
#        -f C:\Users\ZHANGY~1\AppData\Local\Temp\EW5BCD.tmp
#        (F:\K66系列工程文件夹\K66代码发布\K66_Jlink_UART3\L车工程\Prj\IAR\MK66FX18_Debug\Obj\24TFT_SPI.o
#        F:\K66系列工程文件夹\K66代码发布\K66_Jlink_UART3\L车工程\Prj\IAR\MK66FX18_Debug\Obj\Annealing.o
#        F:\K66系列工程文件夹\K66代码发布\K66_Jlink_UART3\L车工程\Prj\IAR\MK66FX18_Debug\Obj\Car.o
#        F:\K66系列工程文件夹\K66代码发布\K66_Jlink_UART3\L车工程\Prj\IAR\MK66FX18_Debug\Obj\debug.o
#        F:\K66系列工程文件夹\K66代码发布\K66_Jlink_UART3\L车工程\Prj\IAR\MK66FX18_Debug\Obj\diskio.o
#        F:\K66系列工程文件夹\K66代码发布\K66_Jlink_UART3\L车工程\Prj\IAR\MK66FX18_Debug\Obj\distance.o
#        F:\K66系列工程文件夹\K66代码发布\K66_Jlink_UART3\L车工程\Prj\IAR\MK66FX18_Debug\Obj\ff.o
#        F:\K66系列工程文件夹\K66代码发布\K66_Jlink_UART3\L车工程\Prj\IAR\MK66FX18_Debug\Obj\Fuzzy.o
#        F:\K66系列工程文件夹\K66代码发布\K66_Jlink_UART3\L车工程\Prj\IAR\MK66FX18_Debug\Obj\Information.o
#        F:\K66系列工程文件夹\K66代码发布\K66_Jlink_UART3\L车工程\Prj\IAR\MK66FX18_Debug\Obj\Kalman.o
#        F:\K66系列工程文件夹\K66代码发布\K66_Jlink_UART3\L车工程\Prj\IAR\MK66FX18_Debug\Obj\main.o
#        F:\K66系列工程文件夹\K66代码发布\K66_Jlink_UART3\L车工程\Prj\IAR\MK66FX18_Debug\Obj\misc.o
#        F:\K66系列工程文件夹\K66代码发布\K66_Jlink_UART3\L车工程\Prj\IAR\MK66FX18_Debug\Obj\MK66_adc.o
#        F:\K66系列工程文件夹\K66代码发布\K66_Jlink_UART3\L车工程\Prj\IAR\MK66FX18_Debug\Obj\MK66_conf.o
#        F:\K66系列工程文件夹\K66代码发布\K66_Jlink_UART3\L车工程\Prj\IAR\MK66FX18_Debug\Obj\MK66_dma.o
#        F:\K66系列工程文件夹\K66代码发布\K66_Jlink_UART3\L车工程\Prj\IAR\MK66FX18_Debug\Obj\MK66_flexbus.o
#        F:\K66系列工程文件夹\K66代码发布\K66_Jlink_UART3\L车工程\Prj\IAR\MK66FX18_Debug\Obj\MK66_gpio.o
#        F:\K66系列工程文件夹\K66代码发布\K66_Jlink_UART3\L车工程\Prj\IAR\MK66FX18_Debug\Obj\MK66_i2c.o
#        F:\K66系列工程文件夹\K66代码发布\K66_Jlink_UART3\L车工程\Prj\IAR\MK66FX18_Debug\Obj\MK66_it.o
#        F:\K66系列工程文件夹\K66代码发布\K66_Jlink_UART3\L车工程\Prj\IAR\MK66FX18_Debug\Obj\MK66_port.o
#        F:\K66系列工程文件夹\K66代码发布\K66_Jlink_UART3\L车工程\Prj\IAR\MK66FX18_Debug\Obj\MK66_rtc.o
#        F:\K66系列工程文件夹\K66代码发布\K66_Jlink_UART3\L车工程\Prj\IAR\MK66FX18_Debug\Obj\MK66_sdhc.o
#        F:\K66系列工程文件夹\K66代码发布\K66_Jlink_UART3\L车工程\Prj\IAR\MK66FX18_Debug\Obj\MK66_spi.o
#        F:\K66系列工程文件夹\K66代码发布\K66_Jlink_UART3\L车工程\Prj\IAR\MK66FX18_Debug\Obj\MK66_uart.o
#        F:\K66系列工程文件夹\K66代码发布\K66_Jlink_UART3\L车工程\Prj\IAR\MK66FX18_Debug\Obj\MK66_wdog.o
#        F:\K66系列工程文件夹\K66代码发布\K66_Jlink_UART3\L车工程\Prj\IAR\MK66FX18_Debug\Obj\MyISR.o
#        F:\K66系列工程文件夹\K66代码发布\K66_Jlink_UART3\L车工程\Prj\IAR\MK66FX18_Debug\Obj\PID.o
#        F:\K66系列工程文件夹\K66代码发布\K66_Jlink_UART3\L车工程\Prj\IAR\MK66FX18_Debug\Obj\Scope.o
#        F:\K66系列工程文件夹\K66代码发布\K66_Jlink_UART3\L车工程\Prj\IAR\MK66FX18_Debug\Obj\Show.o
#        F:\K66系列工程文件夹\K66代码发布\K66_Jlink_UART3\L车工程\Prj\IAR\MK66FX18_Debug\Obj\Signal.o
#        F:\K66系列工程文件夹\K66代码发布\K66_Jlink_UART3\L车工程\Prj\IAR\MK66FX18_Debug\Obj\startup_MK66FX18.o
#        F:\K66系列工程文件夹\K66代码发布\K66_Jlink_UART3\L车工程\Prj\IAR\MK66FX18_Debug\Obj\system_MK66FX18.o
#        F:\K66系列工程文件夹\K66代码发布\K66_Jlink_UART3\L车工程\Prj\IAR\MK66FX18_Debug\Obj\Tools.o
#        F:\K66系列工程文件夹\K66代码发布\K66_Jlink_UART3\L车工程\Prj\IAR\MK66FX18_Debug\Obj\VCAN_BMP.o
#        F:\K66系列工程文件夹\K66代码发布\K66_Jlink_UART3\L车工程\Prj\IAR\MK66FX18_Debug\Obj\VCAN_computer.o
#        F:\K66系列工程文件夹\K66代码发布\K66_Jlink_UART3\L车工程\Prj\IAR\MK66FX18_Debug\Obj\vcan_img2sd.o
#        F:\K66系列工程文件夹\K66代码发布\K66_Jlink_UART3\L车工程\Prj\IAR\MK66FX18_Debug\Obj\VCAN_key.o
#        F:\K66系列工程文件夹\K66代码发布\K66_Jlink_UART3\L车工程\Prj\IAR\MK66FX18_Debug\Obj\VCAN_key_event.o
#        F:\K66系列工程文件夹\K66代码发布\K66_Jlink_UART3\L车工程\Prj\IAR\MK66FX18_Debug\Obj\VCAN_LCD_ILI9325.o
#        F:\K66系列工程文件夹\K66代码发布\K66_Jlink_UART3\L车工程\Prj\IAR\MK66FX18_Debug\Obj\VCAN_LCD_ILI9341.o
#        F:\K66系列工程文件夹\K66代码发布\K66_Jlink_UART3\L车工程\Prj\IAR\MK66FX18_Debug\Obj\VCAN_LCD_ST7735R.o
#        F:\K66系列工程文件夹\K66代码发布\K66_Jlink_UART3\L车工程\Prj\IAR\MK66FX18_Debug\Obj\VCAN_LCD_ST7735S.o
#        F:\K66系列工程文件夹\K66代码发布\K66_Jlink_UART3\L车工程\Prj\IAR\MK66FX18_Debug\Obj\VCAN_LED.o
#        F:\K66系列工程文件夹\K66代码发布\K66_Jlink_UART3\L车工程\Prj\IAR\MK66FX18_Debug\Obj\VCAN_MMA7455.o
#        F:\K66系列工程文件夹\K66代码发布\K66_Jlink_UART3\L车工程\Prj\IAR\MK66FX18_Debug\Obj\VCAN_NRF24L0.o
#        F:\K66系列工程文件夹\K66代码发布\K66_Jlink_UART3\L车工程\Prj\IAR\MK66FX18_Debug\Obj\VCAN_NRF24L0_MSG.o
#        F:\K66系列工程文件夹\K66代码发布\K66_Jlink_UART3\L车工程\Prj\IAR\MK66FX18_Debug\Obj\VCAN_OV7725_Eagle.o
#        F:\K66系列工程文件夹\K66代码发布\K66_Jlink_UART3\L车工程\Prj\IAR\MK66FX18_Debug\Obj\VCAN_RTC_count.o
#        F:\K66系列工程文件夹\K66代码发布\K66_Jlink_UART3\L车工程\Prj\IAR\MK66FX18_Debug\Obj\VCAN_SCCB.o
#        F:\K66系列工程文件夹\K66代码发布\K66_Jlink_UART3\L车工程\Prj\IAR\MK66FX18_Debug\Obj\vcan_sd_app.o
#        F:\K66系列工程文件夹\K66代码发布\K66_Jlink_UART3\L车工程\Prj\IAR\MK66FX18_Debug\Obj\Vcan_touch.o
#        F:\K66系列工程文件夹\K66代码发布\K66_Jlink_UART3\L车工程\Prj\IAR\MK66FX18_Debug\Obj\VCAN_TSL1401.o
#        F:\K66系列工程文件夹\K66代码发布\K66_Jlink_UART3\L车工程\Prj\IAR\MK66FX18_Debug\Obj\VCAN_UI_VAR.o
#        F:\K66系列工程文件夹\K66代码发布\K66_Jlink_UART3\L车工程\Prj\IAR\MK66FX18_Debug\Obj\vectors.o
#        --redirect _Printf=_PrintfLargeNoMb --redirect _Scanf=_ScanfLargeNoMb
#        -o
#        F:\K66系列工程文件夹\K66代码发布\K66_Jlink_UART3\L车工程\Prj\IAR\MK66FX18_Debug\Exe\vcan_Kinetis.out
#        --map
#        F:\K66系列工程文件夹\K66代码发布\K66_Jlink_UART3\L车工程\Prj\IAR\MK66FX18_Debug\List\vcan_Kinetis.map
#        --config
#        "F:\K66系列工程文件夹\K66代码发布\K66_Jlink_UART3\L车工程\Prj\IAR\config
#        files\vcan_ROM_K66X1M.icf"
#        F:\K66系列工程文件夹\K66代码发布\K66_Jlink_UART3\L车工程\Prj\IAR\..\..\Lib\CMSIS\iar_cortexM4l_math.a
#        --entry __iar_program_start --redirect __write=__write_buffered --vfe
#        --text_out locale)
#
###############################################################################

*******************************************************************************
*** RUNTIME MODEL ATTRIBUTES
***

CppFlavor       = *
__Heap_Handler  = NoFree
__SystemLibrary = DLib
__dlib_version  = 6


*******************************************************************************
*** HEAP SELECTION
***

The no free heap was selected because no calls to memory
deallocation functions were found in the application.


*******************************************************************************
*** PLACEMENT SUMMARY
***

"A0":  place at 0x00010000 { ro section .intvec };
"A1":  place at 0x00010410 { ro section .noinit };
define block CodeRelocate { section .textrw_init };
"P1":  place in [from 0x00010000 to 0x00100000] { ro, block CodeRelocate };
define block CodeRelocateRam { section .textrw };
define block CSTACK with size = 4K, alignment = 8 { };
define block HEAP with size = 512, alignment = 8 { };
"P2":  place in [from 0x1fff0410 to 0x20030000] {
          rw, block CodeRelocateRam, block CSTACK, block HEAP };
initialize manually with packing = copy, complex ranges { section .data };

No sections matched the following patterns:

  section .textrw       in block CodeRelocateRam
  section .textrw_init  in block CodeRelocate


  Section              Kind        Address    Size  Object
  -------              ----        -------    ----  ------
"A0":                                        0x410
  .intvec              const    0x00010000   0x410  vectors.o [1]
                              - 0x00010410   0x410

"A1":                                          0x8
  .noinit              ro code  0x00010410     0x8  startup_MK66FX18.o [1]
                              - 0x00010418     0x8

"P1", part 1 of 2:                          0x7ebc
  .text                ro code  0x00010418  0x32a0  Show.o [1]
  .text                ro code  0x000136b8   0x214  VCAN_key.o [1]
  .text                ro code  0x000138cc   0x4c0  Scope.o [1]
  .text                ro code  0x00013d8c    0x48  FltToDbl.o [4]
  .text                ro code  0x00013dd4   0x1c4  MK66_gpio.o [1]
  .text                ro code  0x00013f98    0xc4  MK66_port.o [1]
  .text                ro code  0x0001405c    0xc0  VCAN_LED.o [1]
  .text                ro code  0x0001411c    0x86  ABImemcpy.o [5]
  .text                ro code  0x000141a2     0x8  abs.o [3]
  .text                ro code  0x000141ac    0xd0  MK66_conf.o [1]
  .text                ro code  0x0001427c   0x2cc  MK66_uart.o [1]
  .rodata              const    0x00014548  0x1790  Scope.o [1]
  .text                ro code  0x00015cd8   0x810  VCAN_LCD_ILI9325.o [1]
  .text                ro code  0x000164e8   0x114  MK66_flexbus.o [1]
  .text                ro code  0x000165fc   0x3c0  PID.o [1]
  .text                ro code  0x000169bc    0x44  no_free_heap0.o [3]
  .text                ro code  0x00016a00    0x2c  xgetmemchunk.o [3]
  .text                ro code  0x00016a2c   0x360  debug.o [1]
  .text                ro code  0x00016d8c   0x2b0  MK66_adc.o [1]
  .text                ro code  0x0001703c   0x24c  Signal.o [1]
  .text                ro code  0x00017288     0x6  ABImemclr.o [5]
  .text                ro code  0x00017290    0x5e  ABImemset.o [5]
  .text                ro code  0x000172f0   0x1f0  main.o [1]
  .text                ro code  0x000174e0    0x54  misc.o [1]
  .text                ro code  0x00017534   0x1b4  Car.o [1]
  .text                ro code  0x000176e8    0x1e  Kalman.o [1]
  .text                ro code  0x00017708   0x12c  system_MK66FX18.o [1]
  .text                ro code  0x00017834    0x40  MK66_wdog.o [1]
  .data_init                    0x00017874    0xa4  <Block>
    Initializer bytes  const    0x00017874    0xa4  <for .data-1>
  .text                ro code  0x00017918    0x9c  MyISR.o [1]
  .rodata              const    0x000179b4    0x64  MK66_gpio.o [1]
  .rodata              const    0x00017a18    0x64  MK66_uart.o [1]
  .rodata              const    0x00017a7c    0x60  MK66_adc.o [1]
  .rodata              const    0x00017adc    0x5c  misc.o [1]
  .rodata              const    0x00017b38    0x58  main.o [1]
  .text                ro code  0x00017b90    0x40  zero_init3.o [5]
  .rodata              const    0x00017bd0    0x30  main.o [1]
  .rodata              const    0x00017c00    0x30  main.o [1]
  .text                ro code  0x00017c30    0x28  data_init.o [5]
  .rodata              const    0x00017c58    0x24  MK66_conf.o [1]
  .text                ro code  0x00017c7c    0x22  fpinit_M.o [4]
  .iar.init_table      const    0x00017ca0    0x10  - Linker created -
  .text                ro code  0x00017cb0    0x1e  cmain.o [5]
  .text                ro code  0x00017cce     0x4  low_level_init.o [3]
  .text                ro code  0x00017cd2     0x4  exit.o [3]
  .text                ro code  0x00017cd8     0xa  cexit.o [5]
  .text                ro code  0x00017ce4     0xc  XXexit.o [5]
  .rodata              const    0x00017cf0    0x1c  Show.o [1]
  .rodata              const    0x00017d0c    0x1c  Show.o [1]
  .rodata              const    0x00017d28    0x18  Car.o [1]
  .rodata              const    0x00017d40    0x18  Show.o [1]
  .rodata              const    0x00017d58    0x14  Show.o [1]
  .rodata              const    0x00017d6c    0x14  Show.o [1]
  .rodata              const    0x00017d80    0x14  Show.o [1]
  .rodata              const    0x00017d94    0x14  Show.o [1]
  .rodata              const    0x00017da8    0x14  Show.o [1]
  .rodata              const    0x00017dbc    0x14  Show.o [1]
  .rodata              const    0x00017dd0    0x14  Show.o [1]
  .rodata              const    0x00017de4    0x14  Show.o [1]
  .rodata              const    0x00017df8    0x14  Show.o [1]
  .rodata              const    0x00017e0c    0x10  Show.o [1]
  .rodata              const    0x00017e1c    0x10  Show.o [1]
  .rodata              const    0x00017e2c    0x10  Show.o [1]
  .rodata              const    0x00017e3c    0x10  Show.o [1]
  .rodata              const    0x00017e4c    0x10  Show.o [1]
  .rodata              const    0x00017e5c    0x10  Show.o [1]
  .rodata              const    0x00017e6c    0x10  Show.o [1]
  .rodata              const    0x00017e7c    0x10  Show.o [1]
  .rodata              const    0x00017e8c    0x10  Show.o [1]
  .rodata              const    0x00017e9c    0x10  Show.o [1]
  .rodata              const    0x00017eac    0x10  Show.o [1]
  .rodata              const    0x00017ebc    0x10  Show.o [1]
  .rodata              const    0x00017ecc    0x10  Show.o [1]
  .rodata              const    0x00017edc    0x10  Show.o [1]
  .rodata              const    0x00017eec    0x10  Show.o [1]
  .rodata              const    0x00017efc    0x10  Show.o [1]
  .rodata              const    0x00017f0c    0x10  Show.o [1]
  .rodata              const    0x00017f1c    0x10  Show.o [1]
  .rodata              const    0x00017f2c    0x10  Show.o [1]
  .rodata              const    0x00017f3c     0xc  MK66_conf.o [1]
  .rodata              const    0x00017f48     0xc  Show.o [1]
  .rodata              const    0x00017f54     0xc  Show.o [1]
  .rodata              const    0x00017f60     0xc  Show.o [1]
  .rodata              const    0x00017f6c     0xc  Show.o [1]
  .rodata              const    0x00017f78     0xc  Show.o [1]
  .rodata              const    0x00017f84     0xc  Show.o [1]
  .rodata              const    0x00017f90     0xc  Show.o [1]
  .rodata              const    0x00017f9c     0xc  Show.o [1]
  .rodata              const    0x00017fa8     0xc  Show.o [1]
  .rodata              const    0x00017fb4     0xc  Show.o [1]
  .rodata              const    0x00017fc0     0xc  Show.o [1]
  .rodata              const    0x00017fcc     0xc  Show.o [1]
  .rodata              const    0x00017fd8     0xc  Show.o [1]
  .rodata              const    0x00017fe4     0xc  Show.o [1]
  .rodata              const    0x00017ff0     0xc  Show.o [1]
  .rodata              const    0x00017ffc     0xc  Show.o [1]
  .rodata              const    0x00018008     0xc  Show.o [1]
  .rodata              const    0x00018014     0xc  Show.o [1]
  .rodata              const    0x00018020     0xc  Show.o [1]
  .rodata              const    0x0001802c     0xc  Show.o [1]
  .rodata              const    0x00018038     0xc  Show.o [1]
  .rodata              const    0x00018044     0xc  Show.o [1]
  .rodata              const    0x00018050     0xc  Show.o [1]
  .rodata              const    0x0001805c     0xc  Show.o [1]
  .rodata              const    0x00018068     0xc  Show.o [1]
  .rodata              const    0x00018074     0xc  Show.o [1]
  .rodata              const    0x00018080     0xc  Show.o [1]
  .rodata              const    0x0001808c     0xc  Show.o [1]
  .text                ro code  0x00018098     0xc  cstartup_M.o [5]
  .rodata              const    0x000180a4     0x8  Scope.o [1]
  .rodata              const    0x000180ac     0x8  Show.o [1]
  .rodata              const    0x000180b4     0x8  Show.o [1]
  .rodata              const    0x000180bc     0x8  Show.o [1]
  .rodata              const    0x000180c4     0x8  Show.o [1]
  .rodata              const    0x000180cc     0x8  Show.o [1]
  .rodata              const    0x000180d4     0x8  Show.o [1]
  .rodata              const    0x000180dc     0x8  Show.o [1]
  .rodata              const    0x000180e4     0x8  Show.o [1]
  .rodata              const    0x000180ec     0x8  Show.o [1]
  .rodata              const    0x000180f4     0x8  Show.o [1]
  .rodata              const    0x000180fc     0x8  Show.o [1]
  .rodata              const    0x00018104     0x8  Show.o [1]
  .rodata              const    0x0001810c     0x8  Show.o [1]
  .rodata              const    0x00018114     0x8  Show.o [1]
  .rodata              const    0x0001811c     0x8  Show.o [1]
  .rodata              const    0x00018124     0x8  Show.o [1]
  .rodata              const    0x0001812c     0x8  Show.o [1]
  .rodata              const    0x00018134     0x8  Show.o [1]
  .rodata              const    0x0001813c     0x4  Scope.o [1]
  .rodata              const    0x00018140     0x4  Scope.o [1]
  .rodata              const    0x00018144     0x4  Scope.o [1]
  .rodata              const    0x00018148     0x4  Scope.o [1]
  .rodata              const    0x0001814c     0x4  Scope.o [1]
  .rodata              const    0x00018150     0x4  Scope.o [1]
  .rodata              const    0x00018154     0x4  Show.o [1]
  .rodata              const    0x00018158     0x4  Show.o [1]
  .rodata              const    0x0001815c     0x4  Show.o [1]
  .rodata              const    0x00018160     0x4  Show.o [1]
  .rodata              const    0x00018164     0x4  Show.o [1]
  .rodata              const    0x00018168     0x4  Show.o [1]
  .rodata              const    0x0001816c     0x4  Show.o [1]
  .rodata              const    0x00018170     0x4  Show.o [1]
  .rodata              const    0x00018174     0x4  Show.o [1]
  .rodata              const    0x00018178     0x4  Show.o [1]
  .rodata              const    0x0001817c     0x4  Show.o [1]
  .rodata              const    0x00018180     0x4  Show.o [1]
  .rodata              const    0x00018184     0x4  Show.o [1]
  .rodata              const    0x00018188     0x4  Show.o [1]
  .rodata              const    0x0001818c     0x4  Show.o [1]
  .rodata              const    0x00018190     0x4  Show.o [1]
  .rodata              const    0x00018194     0x4  Show.o [1]
  .rodata              const    0x00018198     0x4  Show.o [1]
  .rodata              const    0x0001819c     0x4  Show.o [1]
  .rodata              const    0x000181a0     0x4  Show.o [1]
  .rodata              const    0x000181a4     0x4  Show.o [1]
  .rodata              const    0x000181a8     0x4  Show.o [1]
  .rodata              const    0x000181ac     0x4  Show.o [1]
  .rodata              const    0x000181b0     0x4  Show.o [1]
  .rodata              const    0x000181b4     0x4  Show.o [1]
  .rodata              const    0x000181b8     0x4  Show.o [1]
  .rodata              const    0x000181bc     0x4  Show.o [1]
  .rodata              const    0x000181c0     0x4  Show.o [1]
  .rodata              const    0x000181c4     0x4  Show.o [1]
  .rodata              const    0x000181c8     0x4  Show.o [1]
  .rodata              const    0x000181cc     0x4  Show.o [1]
  .rodata              const    0x000181d0     0x4  Show.o [1]
  .rodata              const    0x000181d4     0x4  Show.o [1]
  .rodata              const    0x000181d8     0x4  Show.o [1]
  .rodata              const    0x000181dc     0x4  Show.o [1]
  .rodata              const    0x000181e0     0x4  Show.o [1]
  .rodata              const    0x000181e4     0x4  Show.o [1]
  .rodata              const    0x000181e8     0x4  Show.o [1]
  .rodata              const    0x000181ec     0x4  Show.o [1]
  .rodata              const    0x000181f0     0x4  Show.o [1]
  .rodata              const    0x000181f4     0x4  Show.o [1]
  .rodata              const    0x000181f8     0x4  Show.o [1]
  .rodata              const    0x000181fc     0x4  Show.o [1]
  .rodata              const    0x00018200     0x4  Show.o [1]
  .rodata              const    0x00018204     0x4  Show.o [1]
  .rodata              const    0x00018208     0x4  Show.o [1]
  .rodata              const    0x0001820c     0x4  Show.o [1]
  .rodata              const    0x00018210     0x4  Show.o [1]
  .rodata              const    0x00018214     0x4  Show.o [1]
  .rodata              const    0x00018218     0x4  Show.o [1]
  .rodata              const    0x0001821c     0x4  Show.o [1]
  .rodata              const    0x00018220     0x4  Show.o [1]
  .rodata              const    0x00018224     0x4  Show.o [1]
  .rodata              const    0x00018228     0x4  Show.o [1]
  .rodata              const    0x0001822c     0x4  Show.o [1]
  .rodata              const    0x00018230     0x4  Show.o [1]
  .rodata              const    0x00018234     0x4  Show.o [1]
  .rodata              const    0x00018238     0x4  Show.o [1]
  .rodata              const    0x0001823c     0x4  Show.o [1]
  .rodata              const    0x00018240     0x4  Show.o [1]
  .rodata              const    0x00018244     0x4  Show.o [1]
  .rodata              const    0x00018248     0x4  Show.o [1]
  .rodata              const    0x0001824c     0x4  Show.o [1]
  .rodata              const    0x00018250     0x4  Show.o [1]
  .rodata              const    0x00018254     0x4  Show.o [1]
  .rodata              const    0x00018258     0x4  Show.o [1]
  .rodata              const    0x0001825c     0x4  Show.o [1]
  .rodata              const    0x00018260     0x4  Show.o [1]
  .rodata              const    0x00018264     0x4  Show.o [1]
  .rodata              const    0x00018268     0x4  Show.o [1]
  .rodata              const    0x0001826c     0x4  Show.o [1]
  .rodata              const    0x00018270     0x4  Show.o [1]
  .rodata              const    0x00018274     0x4  Show.o [1]
  .rodata              const    0x00018278     0x4  Show.o [1]
  .rodata              const    0x0001827c     0x4  Show.o [1]
  .rodata              const    0x00018280     0x4  Show.o [1]
  .rodata              const    0x00018284     0x4  Show.o [1]
  .rodata              const    0x00018288     0x4  Show.o [1]
  .rodata              const    0x0001828c     0x4  Show.o [1]
  .rodata              const    0x00018290     0x4  Show.o [1]
  .rodata              const    0x00018294     0x4  Show.o [1]
  .rodata              const    0x00018298     0x4  Show.o [1]
  .rodata              const    0x0001829c     0x4  Show.o [1]
  .rodata              const    0x000182a0     0x4  Show.o [1]
  .rodata              const    0x000182a4     0x4  Show.o [1]
  .rodata              const    0x000182a8     0x4  Show.o [1]
  .rodata              const    0x000182ac     0x4  Show.o [1]
  .rodata              const    0x000182b0     0x4  Show.o [1]
  .rodata              const    0x000182b4     0x4  Show.o [1]
  .rodata              const    0x000182b8     0x4  Show.o [1]
  .rodata              const    0x000182bc     0x4  Show.o [1]
  .rodata              const    0x000182c0     0x4  Show.o [1]
  .rodata              const    0x000182c4     0x4  Show.o [1]
  .rodata              const    0x000182c8     0x4  Show.o [1]
  .rodata              const    0x000182cc     0x4  Signal.o [1]
  .rodata              const    0x000182d0     0x4  Signal.o [1]
  .rodata              const    0x000182d4     0x0  zero_init3.o [5]
                              - 0x000182d4  0x7ebc

"P1", part 2 of 2:                             0x0
  CodeRelocate                  0x000182d4     0x0  <Block>

"P2", part 1 of 3:                            0xa4
  .data                         0x1fff0410    0xa4  <Block>
    .data-1                     0x1fff0410    0xa3  <Init block>
      .data            inited   0x1fff0410     0x8  MK66_adc.o [1]
      .data            inited   0x1fff0418     0x4  MK66_conf.o [1]
      .data            inited   0x1fff041c    0x14  MK66_gpio.o [1]
      .data            inited   0x1fff0430    0x14  MK66_port.o [1]
      .data            inited   0x1fff0444    0x14  MK66_uart.o [1]
      .data            inited   0x1fff0458    0x20  PID.o [1]
      .data            inited   0x1fff0478     0x8  Show.o [1]
      .data            inited   0x1fff0480     0x4  Show.o [1]
      .data            inited   0x1fff0484     0x8  Signal.o [1]
      .data            inited   0x1fff048c     0x8  VCAN_key.o [1]
      .data            inited   0x1fff0494    0x14  VCAN_LCD_ILI9325.o [1]
      .data            inited   0x1fff04a8     0x4  VCAN_LED.o [1]
      .data            inited   0x1fff04ac     0x2  VCAN_LCD_ILI9325.o [1]
      .data            inited   0x1fff04ae     0x2  VCAN_LCD_ILI9325.o [1]
      .data            inited   0x1fff04b0     0x1  Scope.o [1]
      .data            inited   0x1fff04b1     0x1  Show.o [1]
      .data            inited   0x1fff04b2     0x1  VCAN_LCD_ILI9325.o [1]
                              - 0x1fff04b4    0xa4

"P2", part 2 of 3:                          0x1a84
  .bss                          0x1fff04b4  0x1a84  <Block>
    .bss               zero     0x1fff04b4     0x4  Car.o [1]
    .bss               zero     0x1fff04b8    0x18  Car.o [1]
    .bss               zero     0x1fff04d0     0xc  Car.o [1]
    .bss               zero     0x1fff04dc     0x8  debug.o [1]
    .bss               zero     0x1fff04e4     0x4  debug.o [1]
    .bss               zero     0x1fff04e8     0x4  debug.o [1]
    .bss               zero     0x1fff04ec    0x64  debug.o [1]
    .bss               zero     0x1fff0550     0x4  Information.o [1]
    .bss               zero     0x1fff0554    0x1c  Kalman.o [1]
    .bss               zero     0x1fff0570     0x4  PID.o [1]
    .bss               zero     0x1fff0574     0x4  PID.o [1]
    .bss               zero     0x1fff0578  0x1790  Scope.o [1]
    .bss               zero     0x1fff1d08    0x24  Show.o [1]
    .bss               zero     0x1fff1d2c    0x14  Show.o [1]
    .bss               zero     0x1fff1d40    0x3c  Show.o [1]
    .bss               zero     0x1fff1d7c    0x14  Show.o [1]
    .bss               zero     0x1fff1d90    0x50  Show.o [1]
    .bss               zero     0x1fff1de0     0x4  Signal.o [1]
    .bss               zero     0x1fff1de4   0x100  Signal.o [1]
    .bss               zero     0x1fff1ee4     0x4  system_MK66FX18.o [1]
    .bss               zero     0x1fff1ee8     0x4  system_MK66FX18.o [1]
    .bss               zero     0x1fff1eec     0x4  system_MK66FX18.o [1]
    .bss               zero     0x1fff1ef0    0x28  VCAN_key.o [1]
    .bss               zero     0x1fff1f18     0x8  VCAN_key.o [1]
    .bss               zero     0x1fff1f20     0x4  no_free_heap0.o [3]
    .bss               zero     0x1fff1f24     0x4  xgetmemchunk.o [3]
    .bss               zero     0x1fff1f28     0x2  Show.o [1]
    .bss               zero     0x1fff1f2a     0x1  Car.o [1]
    .bss               zero     0x1fff1f2b     0x1  Car.o [1]
    .bss               zero     0x1fff1f2c     0x1  debug.o [1]
    .bss               zero     0x1fff1f2d     0x1  debug.o [1]
    .bss               zero     0x1fff1f2e     0x1  debug.o [1]
    .bss               zero     0x1fff1f2f     0x1  MyISR.o [1]
    .bss               zero     0x1fff1f30     0x1  PID.o [1]
    .bss               zero     0x1fff1f31     0x1  PID.o [1]
    .bss               zero     0x1fff1f32     0x1  Scope.o [1]
    .bss               zero     0x1fff1f33     0x1  Show.o [1]
    .bss               zero     0x1fff1f34     0x1  Show.o [1]
    .bss               zero     0x1fff1f35     0x1  VCAN_key.o [1]
    .bss               zero     0x1fff1f36     0x1  VCAN_key.o [1]
    .bss               zero     0x1fff1f37     0x1  VCAN_key.o [1]
                              - 0x1fff1f38  0x1a84

"P2", part 3 of 3:                           0x200
  CodeRelocateRam               0x1fff1f38     0x0  <Block>
  HEAP                          0x1fff1f38   0x200  <Block>
    HEAP               uninit   0x1fff1f38   0x200  <Block tail>
                              - 0x1fff2138   0x200


*******************************************************************************
*** INIT TABLE
***

          Address     Size
          -------     ----
Zero (__iar_zero_init3)
    1 destination range, total size 0x1a84:
          0x1fff04b4  0x1a84



*******************************************************************************
*** MODULE SUMMARY
***

    Module              ro code  ro data  rw data
    ------              -------  -------  -------
F:\K66系列工程文件夹\K66代码发布\K66_Jlink_UART3\L车工程\Prj\IAR\MK66FX18_Debug\Obj: [1]
    Car.o                   436       24       42
    Information.o                               4
    Kalman.o                 30                28
    MK66_adc.o              688      104        8
    MK66_conf.o             208       52        4
    MK66_flexbus.o          276
    MK66_gpio.o             452      120       20
    MK66_port.o             196       20       20
    MK66_uart.o             716      120       20
    MK66_wdog.o              64
    MyISR.o                 156                 1
    PID.o                   960       32       42
    Scope.o               1 216    6 065    6 034
    Show.o               12 960    1 433      233
    Signal.o                588       16      268
    VCAN_LCD_ILI9325.o    2 064       25       25
    VCAN_LED.o              192        4        4
    VCAN_key.o              532        8       59
    debug.o                 864               119
    main.o                  496      184
    misc.o                   84       92
    startup_MK66FX18.o        8
    system_MK66FX18.o       300                12
    vectors.o                      1 040
    ---------------------------------------------
    Total:               23 486    9 339    6 943

command line: [2]
    ---------------------------------------------
    Total:

dl7M_tlf.a: [3]
    abs.o                     8
    exit.o                    4
    low_level_init.o          4
    no_free_heap0.o          68                 4
    xgetmemchunk.o           44                 4
    ---------------------------------------------
    Total:                  128                 8

m7M_tls.a: [4]
    FltToDbl.o               72
    fpinit_M.o               34
    ---------------------------------------------
    Total:                  106

rt7M_tl.a: [5]
    ABImemclr.o               6
    ABImemcpy.o             134
    ABImemset.o              94
    XXexit.o                 12
    cexit.o                  10
    cmain.o                  30
    cstartup_M.o             12
    data_init.o              40
    zero_init3.o             64
    ---------------------------------------------
    Total:                  402

    Gaps                     12        2
    Linker created                    17      512
-------------------------------------------------
    Grand Total:         24 134    9 358    7 463


*******************************************************************************
*** ENTRY LIST
***

Entry                      Address    Size  Type      Object
-----                      -------    ----  ----      ------
.bss$$Base              0x1fff04b4           --   Gb  - Linker created -
.bss$$Limit             0x1fff1f38           --   Gb  - Linker created -
.data$$Base             0x1fff0410           --   Gb  - Linker created -
.data$$Limit            0x1fff04b4           --   Gb  - Linker created -
.data_init$$Base        0x00017874           --   Gb  - Linker created -
.data_init$$Limit       0x00017918           --   Gb  - Linker created -
.iar.init_table$$Base   0x00017ca0           --   Gb  - Linker created -
.iar.init_table$$Limit  0x00017cb0           --   Gb  - Linker created -
?main                   0x00017cb1          Code  Gb  cmain.o [5]
ADCN                    0x1fff0410     0x8  Data  Gb  MK66_adc.o [1]
ADC_Channel             0x1fff0484     0x8  Data  Gb  Signal.o [1]
ADC_init                0x0001703d    0x36  Code  Gb  Signal.o [1]
AD_Scan                 0x000171f1    0x66  Code  Gb  Signal.o [1]
AD_first_get            0x000170c5    0x90  Code  Lc  Signal.o [1]
AD_sliding_get          0x00017155    0x80  Code  Gb  Signal.o [1]
ASSERT_FAILED_STR       0x00017c58    0x24  Data  Gb  MK66_conf.o [1]
All_AD_init             0x00017257    0x14  Code  Gb  Signal.o [1]
All_PID_init            0x0001662f    0x2a  Code  Gb  PID.o [1]
All_show                0x00012f09    0x20  Code  Gb  Show.o [1]
Boot_action             0x00012fd9   0x408  Code  Gb  Show.o [1]
Car_create              0x00017535    0x3a  Code  Gb  Car.o [1]
Car_init                0x00017625    0x96  Code  Gb  Car.o [1]
Car_speed_get           0x0001756f    0xa2  Code  Gb  Car.o [1]
Car_speed_get::queue    0x1fff04d0     0xc  Data  Lc  Car.o [1]
Car_speed_get::rear     0x1fff1f2a     0x1  Data  Lc  Car.o [1]
Car_speed_get::sample_times
                        0x1fff1f2b     0x1  Data  Lc  Car.o [1]
CodeRelocate$$Base      0x000182d4           --   Gb  - Linker created -
CodeRelocate$$Limit     0x000182d4           --   Gb  - Linker created -
CodeRelocateRam$$Base   0x1fff1f38           --   Gb  - Linker created -
CodeRelocateRam$$Limit  0x1fff1f38           --   Gb  - Linker created -
Color                   0x1fff0478     0x8  Data  Gb  Show.o [1]
Cursor_move             0x00013c67    0xbe  Code  Gb  Scope.o [1]
Cursor_move::last_seat  0x1fff04b0     0x1  Data  Lc  Scope.o [1]
DATA                    0x1fff04e8     0x4  Data  Lc  debug.o [1]
DIR_gain                0x1fff0550     0x4  Data  Gb  Information.o [1]
Ecc_Car                 0x1fff04b4     0x4  Data  Gb  Car.o [1]
Err_Kalman              0x1fff0554    0x1c  Data  Gb  Kalman.o [1]
GPIOX                   0x1fff041c    0x14  Data  Gb  MK66_gpio.o [1]
Gear                    0x1fff0480     0x4  Data  Gb  Show.o [1]
Get_min_max             0x000171d5    0x1c  Code  Lc  Signal.o [1]
HEAP$$Base              0x1fff1f38           --   Gb  - Linker created -
HEAP$$Limit             0x1fff2138           --   Gb  - Linker created -
Induct                  0x1fff1de4   0x100  Data  Gb  Signal.o [1]
Insert_to_queue         0x0001398b   0x2dc  Code  Gb  Scope.o [1]
KEY_PTxn                0x1fff048c     0x8  Data  Gb  VCAN_key.o [1]
Kalman_filter_init      0x000176e9    0x1e  Code  Gb  Kalman.o [1]
LCD_ILI9325_dir         0x000161fd    0xf6  Code  Gb  VCAN_LCD_ILI9325.o [1]
LCD_ILI9325_init        0x00015ceb    0x2a  Code  Gb  VCAN_LCD_ILI9325.o [1]
LCD_ILI9325_org_init    0x00015d15   0x4e8  Code  Gb  VCAN_LCD_ILI9325.o [1]
LCD_ILI9325_ptlon       0x000162f3   0x1dc  Code  Gb  VCAN_LCD_ILI9325.o [1]
LCD_ILI9325_ramwr       0x00015cd9     0xa  Code  Gb  VCAN_LCD_ILI9325.o [1]
LCD_ILI9325_wr_data     0x00015ce3     0x8  Code  Gb  VCAN_LCD_ILI9325.o [1]
LED_PTxn                0x1fff04a8     0x4  Data  Gb  VCAN_LED.o [1]
Mean_Filter             0x00017073    0x52  Code  Gb  Signal.o [1]
Modify_Parameter        0x00016a2d   0x12e  Code  Gb  debug.o [1]
Motor_PID               0x1fff0574     0x4  Data  Gb  PID.o [1]
NVIC_EnableIRQ          0x0001730d    0x16  Code  Lc  main.o [1]
NVIC_EnableIRQ          0x0001427d    0x18  Code  Lc  MK66_uart.o [1]
NVIC_SetPriority        0x00017323    0x2c  Code  Lc  main.o [1]
NVIC_SetPriorityGrouping
                        0x000172f1    0x1c  Code  Lc  main.o [1]
PID_Handler             0x00016917    0x7e  Code  Gb  PID.o [1]
PID_Handler::Motor_frent
                        0x1fff1f31     0x1  Data  Lc  PID.o [1]
PID_Handler::Servo_frent
                        0x1fff1f30     0x1  Data  Lc  PID.o [1]
PID_create              0x000165fd    0x32  Code  Gb  PID.o [1]
PIT0_Handler            0x00017919    0x9c  Code  Gb  MyISR.o [1]
PIT0_Handler::led_times
                        0x1fff1f2f     0x1  Data  Lc  MyISR.o [1]
PORTX                   0x1fff0430    0x14  Data  Gb  MK66_port.o [1]
Parameter_init          0x00017611    0x12  Code  Gb  Car.o [1]
Region$$Table$$Base     0x00017ca0           --   Gb  - Linker created -
Region$$Table$$Limit    0x00017cb0           --   Gb  - Linker created -
Reset_Handler           0x00010411          Code  Gb  startup_MK66FX18.o [1]
Scan                    0x1fff1de0     0x4  Data  Gb  Signal.o [1]
Scope                   0x1fff0578  0x1790  Data  Gb  Scope.o [1]
Scope_init              0x000138cd    0xbe  Code  Gb  Scope.o [1]
Scope_init::re_init     0x1fff1f32     0x1  Data  Lc  Scope.o [1]
Scope_show              0x00013d25    0x3c  Code  Gb  Scope.o [1]
Section_PID             0x00016659   0x2be  Code  Gb  PID.o [1]
Send_Parameter          0x00016b5b   0x122  Code  Gb  debug.o [1]
Servo_PID               0x1fff0570     0x4  Data  Gb  PID.o [1]
Servo_pid               0x1fff0458    0x20  Data  Gb  PID.o [1]
Show                    0x1fff1d08    0x24  Data  Gb  Show.o [1]
Tree                    0x1fff1d90    0x50  Data  Gb  Show.o [1]
Tree_init               0x00010419   0x1aa  Code  Gb  Show.o [1]
UARTN                   0x1fff0444    0x14  Data  Gb  MK66_uart.o [1]
Uart_Handler            0x00016c7d    0xf2  Code  Gb  debug.o [1]
Uart_Handler::Data_Receiving
                        0x1fff1f2e     0x1  Data  Lc  debug.o [1]
Uart_Handler::Recv_Buff
                        0x1fff04ec    0x64  Data  Lc  debug.o [1]
Uart_Handler::data_cnt  0x1fff1f2d     0x1  Data  Lc  debug.o [1]
Uart_Handler::recv      0x1fff1f2c     0x1  Data  Lc  debug.o [1]
__BOOT_STACK_ADDRESS {Abs}
                        0x2002fff8          Data  Gb  command line/config [2]
__VECTOR_RAM {Abs}      0x1fff0000          Data  Gb  command line/config [2]
__VECTOR_TABLE {Abs}    0x00010000          Data  Gb  command line/config [2]
__aeabi_f2d             0x00013d8d          Code  Gb  FltToDbl.o [4]
__aeabi_memclr          0x00017289          Code  Gb  ABImemclr.o [5]
__aeabi_memcpy4         0x0001411d          Code  Gb  ABImemcpy.o [5]
__aeabi_memcpy8         0x0001411d          Code  Gb  ABImemcpy.o [5]
__cmain                 0x00017cb1          Code  Gb  cmain.o [5]
__code_start__ {Abs}    0x00010410          Data  Gb  command line/config [2]
__data_GetMemChunk      0x00016a01    0x2c  Code  Gb  xgetmemchunk.o [3]
__data_GetMemChunk::start
                        0x1fff1f24     0x4  Data  Lc  xgetmemchunk.o [3]
__exit                  0x00017ce5          Code  Gb  XXexit.o [5]
__iar_Memset_word       0x00017291          Code  Gb  ABImemset.o [5]
__iar_data_init3        0x00017c31    0x28  Code  Gb  data_init.o [5]
__iar_init_vfp          0x00017c7d          Code  Gb  fpinit_M.o [4]
__iar_program_start     0x00018099          Code  Gb  cstartup_M.o [5]
__iar_systems$$module {Abs}
                        0x00000001          Data  Gb  command line/config [2]
__iar_zero_init3        0x00017b91    0x40  Code  Gb  zero_init3.o [5]
__low_level_init        0x00017ccf     0x4  Code  Gb  low_level_init.o [3]
__no_free_malloc        0x000169bd    0x40  Code  Gb  no_free_heap0.o [3]
__vector_table          0x00010000   0x410  Data  Gb  vectors.o [1]
_call_main              0x00017cbd          Code  Gb  cmain.o [5]
_exit                   0x00017cd9          Code  Gb  cexit.o [5]
_main                   0x00017ccb          Code  Gb  cmain.o [5]
a                       0x1fff04e4     0x4  Data  Gb  debug.o [1]
abs                     0x000141a3     0x8  Code  Gb  abs.o [3]
adc_init                0x00016d8d   0x1f6  Code  Gb  MK66_adc.o [1]
adc_once                0x00016f83    0x56  Code  Gb  MK66_adc.o [1]
adc_start               0x00016fd9    0x50  Code  Lc  MK66_adc.o [1]
assert_failed           0x000141ed    0x2c  Code  Gb  MK66_conf.o [1]
bus_clk_khz             0x1fff1eec     0x4  Data  Gb  system_MK66FX18.o [1]
common_startup          0x0001776d    0x8a  Code  Gb  system_MK66FX18.o [1]
core_clk_khz            0x1fff1ee4     0x4  Data  Gb  system_MK66FX18.o [1]
core_clk_mhz            0x1fff1ee8     0x4  Data  Gb  system_MK66FX18.o [1]
data                    0x1fff1d2c    0x14  Data  Gb  Show.o [1]
deb_control             0x1fff04dc     0x8  Data  Gb  debug.o [1]
default_isr             0x0001422d    0x3e  Code  Gb  MK66_conf.o [1]
enter_fputc             0x00014219    0x14  Code  Gb  MK66_conf.o [1]
enter_init              0x0001734f    0x66  Code  Lc  main.o [1]
exit                    0x00017cd3     0x4  Code  Gb  exit.o [3]
find                    0x0001060f    0x3c  Code  Gb  Show.o [1]
flexbus_8080_init       0x000164e9   0x114  Code  Gb  MK66_flexbus.o [1]
gear_chose              0x1fff04b1     0x1  Data  Gb  Show.o [1]
gear_select             0x000105c3    0x4c  Code  Gb  Show.o [1]
get_key_msg             0x00013793    0x62  Code  Gb  VCAN_key.o [1]
glcd                    0x1fff0418     0x4  Data  Gb  MK66_conf.o [1]
gpio_get                0x00013f51    0x3e  Code  Gb  MK66_gpio.o [1]
gpio_init               0x00013dd5    0xc2  Code  Gb  MK66_gpio.o [1]
gpio_set                0x00013e97    0x7e  Code  Gb  MK66_gpio.o [1]
gpio_turn               0x00013f15    0x3c  Code  Gb  MK66_gpio.o [1]
ili9325_dir             0x1fff04b2     0x1  Data  Gb  VCAN_LCD_ILI9325.o [1]
ili9325_h               0x1fff04ac     0x2  Data  Gb  VCAN_LCD_ILI9325.o [1]
ili9325_w               0x1fff04ae     0x2  Data  Gb  VCAN_LCD_ILI9325.o [1]
key_IRQHandler          0x000137f5    0xc0  Code  Gb  VCAN_key.o [1]
key_IRQHandler::keytime
                        0x1fff1f18     0x8  Data  Lc  VCAN_key.o [1]
key_get                 0x00013715    0x1c  Code  Gb  VCAN_key.o [1]
key_init                0x000136b9    0x5c  Code  Gb  VCAN_key.o [1]
key_msg                 0x1fff1ef0    0x28  Data  Gb  VCAN_key.o [1]
key_msg_flag            0x1fff1f37     0x1  Data  Gb  VCAN_key.o [1]
key_msg_front           0x1fff1f35     0x1  Data  Gb  VCAN_key.o [1]
key_msg_rear            0x1fff1f36     0x1  Data  Gb  VCAN_key.o [1]
key_num                 0x1fff1f33     0x1  Data  Gb  Show.o [1]
key_num_get             0x0001064b    0x60  Code  Gb  Show.o [1]
key_process             0x000106d5  0x107a  Code  Gb  Show.o [1]
key_show                0x00011775  0x1772  Code  Gb  Show.o [1]
key_show::last_mode     0x1fff1f34     0x1  Data  Lc  Show.o [1]
keymsg                  0x1fff1f28     0x2  Data  Gb  Show.o [1]
lcd_ili9325             0x1fff0494    0x14  Data  Gb  VCAN_LCD_ILI9325.o [1]
led                     0x0001409d    0x42  Code  Gb  VCAN_LED.o [1]
led_init                0x0001405d    0x40  Code  Gb  VCAN_LED.o [1]
led_turn                0x000140df    0x38  Code  Gb  VCAN_LED.o [1]
main                    0x000173b5    0xea  Code  Gb  main.o [1]
md                      0x1fff1d40    0x3c  Data  Gb  Show.o [1]
my_data_load            0x000134ed    0xb6  Code  Gb  Show.o [1]
my_data_save            0x00013431    0xb0  Code  Gb  Show.o [1]
my_flash_init           0x000133e9    0x24  Code  Gb  Show.o [1]
param                   0x1fff04b8    0x18  Data  Gb  Car.o [1]
port_init               0x00013f99    0x4c  Code  Gb  MK66_port.o [1]
port_init_NoALT         0x00013fe5    0x6e  Code  Gb  MK66_port.o [1]
qs                      0x1fff1f20     0x4  Data  Lc  no_free_heap0.o [3]
seat                    0x1fff1d7c    0x14  Data  Gb  Show.o [1]
send_key_msg            0x00013731    0x62  Code  Gb  VCAN_key.o [1]
set_vector_handler      0x00017503    0x24  Code  Gb  misc.o [1]
soft_delay_ms           0x000141d1    0x1c  Code  Gb  MK66_conf.o [1]
soft_delay_us           0x000141ad    0x24  Code  Gb  MK66_conf.o [1]
start                   0x00017709    0x20  Code  Gb  system_MK66FX18.o [1]
sysinit                 0x00017729    0x44  Code  Gb  system_MK66FX18.o [1]
uart_getchar            0x000144a3    0x22  Code  Gb  MK66_uart.o [1]
uart_init               0x00014295   0x20e  Code  Gb  MK66_uart.o [1]
uart_putchar            0x000144c5    0x1e  Code  Gb  MK66_uart.o [1]
uart_query              0x000144e3    0x1a  Code  Gb  MK66_uart.o [1]
uart_rx_irq_en          0x000144fd    0x30  Code  Gb  MK66_uart.o [1]
wdog_disable            0x00017835    0x16  Code  Gb  MK66_wdog.o [1]
wdog_unlock             0x0001784b    0x22  Code  Lc  MK66_wdog.o [1]
write_vtor              0x000174e1    0x22  Code  Gb  misc.o [1]


[1] = F:\K66系列工程文件夹\K66代码发布\K66_Jlink_UART3\L车工程\Prj\IAR\MK66FX18_Debug\Obj
[2] = command line
[3] = dl7M_tlf.a
[4] = m7M_tls.a
[5] = rt7M_tl.a

  24 134 bytes of readonly  code memory
   9 358 bytes of readonly  data memory
   7 463 bytes of readwrite data memory

Errors: none
Warnings: none
