###############################################################################
#
# IAR ELF Linker V8.22.1.15669/W32 for ARM                10/Aug/2019  09:33:28
# Copyright 2007-2018 IAR Systems AB.
#
#    Output file  =  
#        C:\Users\zhangyuliang\Desktop\L车工程\Prj\IAR\MK66FX18_Debug\Exe\vcan_Kinetis.out
#    Map file     =  
#        C:\Users\zhangyuliang\Desktop\L车工程\Prj\IAR\MK66FX18_Debug\List\vcan_Kinetis.map
#    Command line =  
#        -f C:\Users\ZHANGY~1\AppData\Local\Temp\EW446B.tmp
#        (C:\Users\zhangyuliang\Desktop\L车工程\Prj\IAR\MK66FX18_Debug\Obj\24TFT_SPI.o
#        C:\Users\zhangyuliang\Desktop\L车工程\Prj\IAR\MK66FX18_Debug\Obj\Car.o
#        C:\Users\zhangyuliang\Desktop\L车工程\Prj\IAR\MK66FX18_Debug\Obj\debug.o
#        C:\Users\zhangyuliang\Desktop\L车工程\Prj\IAR\MK66FX18_Debug\Obj\diskio.o
#        C:\Users\zhangyuliang\Desktop\L车工程\Prj\IAR\MK66FX18_Debug\Obj\distance.o
#        C:\Users\zhangyuliang\Desktop\L车工程\Prj\IAR\MK66FX18_Debug\Obj\ff.o
#        C:\Users\zhangyuliang\Desktop\L车工程\Prj\IAR\MK66FX18_Debug\Obj\Information.o
#        C:\Users\zhangyuliang\Desktop\L车工程\Prj\IAR\MK66FX18_Debug\Obj\Kalman.o
#        C:\Users\zhangyuliang\Desktop\L车工程\Prj\IAR\MK66FX18_Debug\Obj\main.o
#        C:\Users\zhangyuliang\Desktop\L车工程\Prj\IAR\MK66FX18_Debug\Obj\misc.o
#        C:\Users\zhangyuliang\Desktop\L车工程\Prj\IAR\MK66FX18_Debug\Obj\MK66_adc.o
#        C:\Users\zhangyuliang\Desktop\L车工程\Prj\IAR\MK66FX18_Debug\Obj\MK66_conf.o
#        C:\Users\zhangyuliang\Desktop\L车工程\Prj\IAR\MK66FX18_Debug\Obj\MK66_dma.o
#        C:\Users\zhangyuliang\Desktop\L车工程\Prj\IAR\MK66FX18_Debug\Obj\MK66_flexbus.o
#        C:\Users\zhangyuliang\Desktop\L车工程\Prj\IAR\MK66FX18_Debug\Obj\MK66_gpio.o
#        C:\Users\zhangyuliang\Desktop\L车工程\Prj\IAR\MK66FX18_Debug\Obj\MK66_i2c.o
#        C:\Users\zhangyuliang\Desktop\L车工程\Prj\IAR\MK66FX18_Debug\Obj\MK66_it.o
#        C:\Users\zhangyuliang\Desktop\L车工程\Prj\IAR\MK66FX18_Debug\Obj\MK66_port.o
#        C:\Users\zhangyuliang\Desktop\L车工程\Prj\IAR\MK66FX18_Debug\Obj\MK66_rtc.o
#        C:\Users\zhangyuliang\Desktop\L车工程\Prj\IAR\MK66FX18_Debug\Obj\MK66_sdhc.o
#        C:\Users\zhangyuliang\Desktop\L车工程\Prj\IAR\MK66FX18_Debug\Obj\MK66_spi.o
#        C:\Users\zhangyuliang\Desktop\L车工程\Prj\IAR\MK66FX18_Debug\Obj\MK66_uart.o
#        C:\Users\zhangyuliang\Desktop\L车工程\Prj\IAR\MK66FX18_Debug\Obj\MK66_wdog.o
#        C:\Users\zhangyuliang\Desktop\L车工程\Prj\IAR\MK66FX18_Debug\Obj\MyISR.o
#        C:\Users\zhangyuliang\Desktop\L车工程\Prj\IAR\MK66FX18_Debug\Obj\PID.o
#        C:\Users\zhangyuliang\Desktop\L车工程\Prj\IAR\MK66FX18_Debug\Obj\Scope.o
#        C:\Users\zhangyuliang\Desktop\L车工程\Prj\IAR\MK66FX18_Debug\Obj\Show.o
#        C:\Users\zhangyuliang\Desktop\L车工程\Prj\IAR\MK66FX18_Debug\Obj\Signal.o
#        C:\Users\zhangyuliang\Desktop\L车工程\Prj\IAR\MK66FX18_Debug\Obj\startup_MK66FX18.o
#        C:\Users\zhangyuliang\Desktop\L车工程\Prj\IAR\MK66FX18_Debug\Obj\system_MK66FX18.o
#        C:\Users\zhangyuliang\Desktop\L车工程\Prj\IAR\MK66FX18_Debug\Obj\Tools.o
#        C:\Users\zhangyuliang\Desktop\L车工程\Prj\IAR\MK66FX18_Debug\Obj\VCAN_BMP.o
#        C:\Users\zhangyuliang\Desktop\L车工程\Prj\IAR\MK66FX18_Debug\Obj\VCAN_computer.o
#        C:\Users\zhangyuliang\Desktop\L车工程\Prj\IAR\MK66FX18_Debug\Obj\vcan_img2sd.o
#        C:\Users\zhangyuliang\Desktop\L车工程\Prj\IAR\MK66FX18_Debug\Obj\VCAN_key.o
#        C:\Users\zhangyuliang\Desktop\L车工程\Prj\IAR\MK66FX18_Debug\Obj\VCAN_key_event.o
#        C:\Users\zhangyuliang\Desktop\L车工程\Prj\IAR\MK66FX18_Debug\Obj\VCAN_LCD_ILI9325.o
#        C:\Users\zhangyuliang\Desktop\L车工程\Prj\IAR\MK66FX18_Debug\Obj\VCAN_LCD_ILI9341.o
#        C:\Users\zhangyuliang\Desktop\L车工程\Prj\IAR\MK66FX18_Debug\Obj\VCAN_LCD_ST7735R.o
#        C:\Users\zhangyuliang\Desktop\L车工程\Prj\IAR\MK66FX18_Debug\Obj\VCAN_LCD_ST7735S.o
#        C:\Users\zhangyuliang\Desktop\L车工程\Prj\IAR\MK66FX18_Debug\Obj\VCAN_LED.o
#        C:\Users\zhangyuliang\Desktop\L车工程\Prj\IAR\MK66FX18_Debug\Obj\VCAN_MMA7455.o
#        C:\Users\zhangyuliang\Desktop\L车工程\Prj\IAR\MK66FX18_Debug\Obj\VCAN_NRF24L0.o
#        C:\Users\zhangyuliang\Desktop\L车工程\Prj\IAR\MK66FX18_Debug\Obj\VCAN_NRF24L0_MSG.o
#        C:\Users\zhangyuliang\Desktop\L车工程\Prj\IAR\MK66FX18_Debug\Obj\VCAN_OV7725_Eagle.o
#        C:\Users\zhangyuliang\Desktop\L车工程\Prj\IAR\MK66FX18_Debug\Obj\VCAN_RTC_count.o
#        C:\Users\zhangyuliang\Desktop\L车工程\Prj\IAR\MK66FX18_Debug\Obj\VCAN_SCCB.o
#        C:\Users\zhangyuliang\Desktop\L车工程\Prj\IAR\MK66FX18_Debug\Obj\vcan_sd_app.o
#        C:\Users\zhangyuliang\Desktop\L车工程\Prj\IAR\MK66FX18_Debug\Obj\Vcan_touch.o
#        C:\Users\zhangyuliang\Desktop\L车工程\Prj\IAR\MK66FX18_Debug\Obj\VCAN_TSL1401.o
#        C:\Users\zhangyuliang\Desktop\L车工程\Prj\IAR\MK66FX18_Debug\Obj\VCAN_UI_VAR.o
#        C:\Users\zhangyuliang\Desktop\L车工程\Prj\IAR\MK66FX18_Debug\Obj\vectors.o
#        --redirect _Printf=_PrintfLargeNoMb --redirect _Scanf=_ScanfLargeNoMb
#        -o
#        C:\Users\zhangyuliang\Desktop\L车工程\Prj\IAR\MK66FX18_Debug\Exe\vcan_Kinetis.out
#        --map
#        C:\Users\zhangyuliang\Desktop\L车工程\Prj\IAR\MK66FX18_Debug\List\vcan_Kinetis.map
#        --config "C:\Users\zhangyuliang\Desktop\L车工程\Prj\IAR\config
#        files\vcan_ROM_K66X1M.icf"
#        C:\Users\zhangyuliang\Desktop\L车工程\Prj\IAR\..\..\Lib\CMSIS\iar_cortexM4l_math.a
#        --entry __iar_program_start --redirect __write=__write_buffered --vfe
#        --text_out locale)
#
###############################################################################

*******************************************************************************
*** RUNTIME MODEL ATTRIBUTES
***

CppFlavor       = *
__Heap_Handler  = NoFree
__SystemLibrary = DLib
__dlib_version  = 6


*******************************************************************************
*** HEAP SELECTION
***

The no free heap was selected because no calls to memory
deallocation functions were found in the application.


*******************************************************************************
*** PLACEMENT SUMMARY
***

"A0":  place at 0x00010000 { ro section .intvec };
"A1":  place at 0x00010410 { ro section .noinit };
define block CodeRelocate { section .textrw_init };
"P1":  place in [from 0x00010000 to 0x00100000] { ro, block CodeRelocate };
define block CodeRelocateRam { section .textrw };
define block CSTACK with size = 4K, alignment = 8 { };
define block HEAP with size = 512, alignment = 8 { };
"P2":  place in [from 0x1fff0410 to 0x20030000] {
          rw, block CodeRelocateRam, block CSTACK, block HEAP };
initialize manually with packing = copy, complex ranges { section .data };

No sections matched the following patterns:

  section .textrw       in block CodeRelocateRam
  section .textrw_init  in block CodeRelocate


  Section              Kind        Address    Size  Object
  -------              ----        -------    ----  ------
"A0":                                        0x410
  .intvec              const    0x00010000   0x410  vectors.o [1]
                              - 0x00010410   0x410

"A1":                                          0x8
  .noinit              ro code  0x00010410     0x8  startup_MK66FX18.o [1]
                              - 0x00010418     0x8

"P1", part 1 of 2:                          0x9c0c
  .text                ro code  0x00010418  0x3d88  Show.o [1]
  .text                ro code  0x000141a0   0x214  VCAN_key.o [1]
  .text                ro code  0x000143b4   0x4c0  Scope.o [1]
  .text                ro code  0x00014874    0x48  FltToDbl.o [4]
  .text                ro code  0x000148bc   0x1c4  MK66_gpio.o [1]
  .text                ro code  0x00014a80    0xc4  MK66_port.o [1]
  .text                ro code  0x00014b44    0xc0  VCAN_LED.o [1]
  .text                ro code  0x00014c04    0xa6  ABImemcpy.o [5]
  .text                ro code  0x00014caa     0x8  abs.o [3]
  .text                ro code  0x00014cb4    0xd0  MK66_conf.o [1]
  .text                ro code  0x00014d84   0x2cc  MK66_uart.o [1]
  .rodata              const    0x00015050  0x1790  Scope.o [1]
  .text                ro code  0x000167e0   0x810  Information.o [1]
  .text                ro code  0x00016ff0   0x2c0  Signal.o [1]
  .text                ro code  0x000172b0   0x2b0  MK66_adc.o [1]
  .text                ro code  0x00017560     0x6  ABImemclr.o [5]
  .text                ro code  0x00017568    0x5e  ABImemset.o [5]
  .text                ro code  0x000175c8   0x810  VCAN_LCD_ILI9325.o [1]
  .text                ro code  0x00017dd8   0x114  MK66_flexbus.o [1]
  .text                ro code  0x00017eec   0x630  Car.o [1]
  .text                ro code  0x0001851c    0x44  no_free_heap0.o [3]
  .text                ro code  0x00018560    0x2c  xgetmemchunk.o [3]
  .text                ro code  0x0001858c   0x470  distance.o [1]
  .text                ro code  0x000189fc   0x360  debug.o [1]
  .text                ro code  0x00018d5c   0x334  PID.o [1]
  .text                ro code  0x00019090   0x23e  MyISR.o [1]
  .text                ro code  0x000192d0    0x7c  Tools.o [1]
  .text                ro code  0x0001934c    0x54  misc.o [1]
  .text                ro code  0x000193a0   0x12c  system_MK66FX18.o [1]
  .text                ro code  0x000194cc    0x40  MK66_wdog.o [1]
  .text                ro code  0x0001950c    0xc8  main.o [1]
  .data_init                    0x000195d4   0x110  <Block>
    Initializer bytes  const    0x000195d4   0x110  <for .data-1>
  .rodata              const    0x000196e4    0x40  MK66_adc.o [1]
  .rodata              const    0x00019724    0x40  MK66_gpio.o [1]
  .rodata              const    0x00019764    0x40  MK66_uart.o [1]
  .text                ro code  0x000197a4    0x40  zero_init3.o [5]
  .rodata              const    0x000197e4    0x3c  misc.o [1]
  .rodata              const    0x00019820    0x3c  MyISR.o [1]
  .rodata              const    0x0001985c    0x30  MyISR.o [1]
  .rodata              const    0x0001988c    0x30  MyISR.o [1]
  .text                ro code  0x000198bc    0x28  data_init.o [5]
  .rodata              const    0x000198e4    0x24  MK66_conf.o [1]
  .text                ro code  0x00019908    0x22  fpinit_M.o [4]
  .iar.init_table      const    0x0001992c    0x10  - Linker created -
  .text                ro code  0x0001993c    0x1e  cmain.o [5]
  .text                ro code  0x0001995a     0x4  low_level_init.o [3]
  .text                ro code  0x0001995e     0x4  exit.o [3]
  .text                ro code  0x00019964     0xa  cexit.o [5]
  .text                ro code  0x00019970     0xc  XXexit.o [5]
  .rodata              const    0x0001997c    0x1c  Show.o [1]
  .rodata              const    0x00019998    0x1c  Show.o [1]
  .rodata              const    0x000199b4    0x1c  Show.o [1]
  .rodata              const    0x000199d0    0x18  Show.o [1]
  .rodata              const    0x000199e8    0x18  Show.o [1]
  .rodata              const    0x00019a00    0x18  Show.o [1]
  .rodata              const    0x00019a18    0x18  Show.o [1]
  .rodata              const    0x00019a30    0x14  Show.o [1]
  .rodata              const    0x00019a44    0x14  Show.o [1]
  .rodata              const    0x00019a58    0x14  Show.o [1]
  .rodata              const    0x00019a6c    0x14  Show.o [1]
  .rodata              const    0x00019a80    0x14  Show.o [1]
  .rodata              const    0x00019a94    0x14  Show.o [1]
  .rodata              const    0x00019aa8    0x14  Show.o [1]
  .rodata              const    0x00019abc    0x14  Show.o [1]
  .rodata              const    0x00019ad0    0x14  Show.o [1]
  .rodata              const    0x00019ae4    0x14  Show.o [1]
  .rodata              const    0x00019af8    0x10  Show.o [1]
  .rodata              const    0x00019b08    0x10  Show.o [1]
  .rodata              const    0x00019b18    0x10  Show.o [1]
  .rodata              const    0x00019b28    0x10  Show.o [1]
  .rodata              const    0x00019b38    0x10  Show.o [1]
  .rodata              const    0x00019b48    0x10  Show.o [1]
  .rodata              const    0x00019b58    0x10  Show.o [1]
  .rodata              const    0x00019b68    0x10  Show.o [1]
  .rodata              const    0x00019b78    0x10  Show.o [1]
  .rodata              const    0x00019b88    0x10  Show.o [1]
  .rodata              const    0x00019b98    0x10  Show.o [1]
  .rodata              const    0x00019ba8    0x10  Show.o [1]
  .rodata              const    0x00019bb8    0x10  Show.o [1]
  .rodata              const    0x00019bc8    0x10  Show.o [1]
  .rodata              const    0x00019bd8    0x10  Show.o [1]
  .rodata              const    0x00019be8    0x10  Show.o [1]
  .rodata              const    0x00019bf8    0x10  Show.o [1]
  .rodata              const    0x00019c08    0x10  Show.o [1]
  .rodata              const    0x00019c18    0x10  Show.o [1]
  .rodata              const    0x00019c28    0x10  Show.o [1]
  .rodata              const    0x00019c38    0x10  Show.o [1]
  .rodata              const    0x00019c48     0xc  MK66_conf.o [1]
  .rodata              const    0x00019c54     0xc  Show.o [1]
  .rodata              const    0x00019c60     0xc  Show.o [1]
  .rodata              const    0x00019c6c     0xc  Show.o [1]
  .rodata              const    0x00019c78     0xc  Show.o [1]
  .rodata              const    0x00019c84     0xc  Show.o [1]
  .rodata              const    0x00019c90     0xc  Show.o [1]
  .rodata              const    0x00019c9c     0xc  Show.o [1]
  .rodata              const    0x00019ca8     0xc  Show.o [1]
  .rodata              const    0x00019cb4     0xc  Show.o [1]
  .rodata              const    0x00019cc0     0xc  Show.o [1]
  .rodata              const    0x00019ccc     0xc  Show.o [1]
  .rodata              const    0x00019cd8     0xc  Show.o [1]
  .rodata              const    0x00019ce4     0xc  Show.o [1]
  .rodata              const    0x00019cf0     0xc  Show.o [1]
  .rodata              const    0x00019cfc     0xc  Show.o [1]
  .rodata              const    0x00019d08     0xc  Show.o [1]
  .rodata              const    0x00019d14     0xc  Show.o [1]
  .rodata              const    0x00019d20     0xc  Show.o [1]
  .rodata              const    0x00019d2c     0xc  Show.o [1]
  .rodata              const    0x00019d38     0xc  Show.o [1]
  .rodata              const    0x00019d44     0xc  Show.o [1]
  .rodata              const    0x00019d50     0xc  Show.o [1]
  .rodata              const    0x00019d5c     0xc  Show.o [1]
  .rodata              const    0x00019d68     0xc  Show.o [1]
  .rodata              const    0x00019d74     0xc  Show.o [1]
  .rodata              const    0x00019d80     0xc  Show.o [1]
  .rodata              const    0x00019d8c     0xc  Show.o [1]
  .rodata              const    0x00019d98     0xc  Show.o [1]
  .text                ro code  0x00019da4     0xc  cstartup_M.o [5]
  .rodata              const    0x00019db0     0x8  Scope.o [1]
  .rodata              const    0x00019db8     0x8  Show.o [1]
  .rodata              const    0x00019dc0     0x8  Show.o [1]
  .rodata              const    0x00019dc8     0x8  Show.o [1]
  .rodata              const    0x00019dd0     0x8  Show.o [1]
  .rodata              const    0x00019dd8     0x8  Show.o [1]
  .rodata              const    0x00019de0     0x8  Show.o [1]
  .rodata              const    0x00019de8     0x8  Show.o [1]
  .rodata              const    0x00019df0     0x8  Show.o [1]
  .rodata              const    0x00019df8     0x8  Show.o [1]
  .rodata              const    0x00019e00     0x8  Show.o [1]
  .rodata              const    0x00019e08     0x8  Show.o [1]
  .rodata              const    0x00019e10     0x8  Show.o [1]
  .rodata              const    0x00019e18     0x8  Show.o [1]
  .rodata              const    0x00019e20     0x8  Signal.o [1]
  .rodata              const    0x00019e28     0x4  Scope.o [1]
  .rodata              const    0x00019e2c     0x4  Scope.o [1]
  .rodata              const    0x00019e30     0x4  Scope.o [1]
  .rodata              const    0x00019e34     0x4  Scope.o [1]
  .rodata              const    0x00019e38     0x4  Scope.o [1]
  .rodata              const    0x00019e3c     0x4  Scope.o [1]
  .rodata              const    0x00019e40     0x4  Show.o [1]
  .rodata              const    0x00019e44     0x4  Show.o [1]
  .rodata              const    0x00019e48     0x4  Show.o [1]
  .rodata              const    0x00019e4c     0x4  Show.o [1]
  .rodata              const    0x00019e50     0x4  Show.o [1]
  .rodata              const    0x00019e54     0x4  Show.o [1]
  .rodata              const    0x00019e58     0x4  Show.o [1]
  .rodata              const    0x00019e5c     0x4  Show.o [1]
  .rodata              const    0x00019e60     0x4  Show.o [1]
  .rodata              const    0x00019e64     0x4  Show.o [1]
  .rodata              const    0x00019e68     0x4  Show.o [1]
  .rodata              const    0x00019e6c     0x4  Show.o [1]
  .rodata              const    0x00019e70     0x4  Show.o [1]
  .rodata              const    0x00019e74     0x4  Show.o [1]
  .rodata              const    0x00019e78     0x4  Show.o [1]
  .rodata              const    0x00019e7c     0x4  Show.o [1]
  .rodata              const    0x00019e80     0x4  Show.o [1]
  .rodata              const    0x00019e84     0x4  Show.o [1]
  .rodata              const    0x00019e88     0x4  Show.o [1]
  .rodata              const    0x00019e8c     0x4  Show.o [1]
  .rodata              const    0x00019e90     0x4  Show.o [1]
  .rodata              const    0x00019e94     0x4  Show.o [1]
  .rodata              const    0x00019e98     0x4  Show.o [1]
  .rodata              const    0x00019e9c     0x4  Show.o [1]
  .rodata              const    0x00019ea0     0x4  Show.o [1]
  .rodata              const    0x00019ea4     0x4  Show.o [1]
  .rodata              const    0x00019ea8     0x4  Show.o [1]
  .rodata              const    0x00019eac     0x4  Show.o [1]
  .rodata              const    0x00019eb0     0x4  Show.o [1]
  .rodata              const    0x00019eb4     0x4  Show.o [1]
  .rodata              const    0x00019eb8     0x4  Show.o [1]
  .rodata              const    0x00019ebc     0x4  Show.o [1]
  .rodata              const    0x00019ec0     0x4  Show.o [1]
  .rodata              const    0x00019ec4     0x4  Show.o [1]
  .rodata              const    0x00019ec8     0x4  Show.o [1]
  .rodata              const    0x00019ecc     0x4  Show.o [1]
  .rodata              const    0x00019ed0     0x4  Show.o [1]
  .rodata              const    0x00019ed4     0x4  Show.o [1]
  .rodata              const    0x00019ed8     0x4  Show.o [1]
  .rodata              const    0x00019edc     0x4  Show.o [1]
  .rodata              const    0x00019ee0     0x4  Show.o [1]
  .rodata              const    0x00019ee4     0x4  Show.o [1]
  .rodata              const    0x00019ee8     0x4  Show.o [1]
  .rodata              const    0x00019eec     0x4  Show.o [1]
  .rodata              const    0x00019ef0     0x4  Show.o [1]
  .rodata              const    0x00019ef4     0x4  Show.o [1]
  .rodata              const    0x00019ef8     0x4  Show.o [1]
  .rodata              const    0x00019efc     0x4  Show.o [1]
  .rodata              const    0x00019f00     0x4  Show.o [1]
  .rodata              const    0x00019f04     0x4  Show.o [1]
  .rodata              const    0x00019f08     0x4  Show.o [1]
  .rodata              const    0x00019f0c     0x4  Show.o [1]
  .rodata              const    0x00019f10     0x4  Show.o [1]
  .rodata              const    0x00019f14     0x4  Show.o [1]
  .rodata              const    0x00019f18     0x4  Show.o [1]
  .rodata              const    0x00019f1c     0x4  Show.o [1]
  .rodata              const    0x00019f20     0x4  Show.o [1]
  .rodata              const    0x00019f24     0x4  Show.o [1]
  .rodata              const    0x00019f28     0x4  Show.o [1]
  .rodata              const    0x00019f2c     0x4  Show.o [1]
  .rodata              const    0x00019f30     0x4  Show.o [1]
  .rodata              const    0x00019f34     0x4  Show.o [1]
  .rodata              const    0x00019f38     0x4  Show.o [1]
  .rodata              const    0x00019f3c     0x4  Show.o [1]
  .rodata              const    0x00019f40     0x4  Show.o [1]
  .rodata              const    0x00019f44     0x4  Show.o [1]
  .rodata              const    0x00019f48     0x4  Show.o [1]
  .rodata              const    0x00019f4c     0x4  Show.o [1]
  .rodata              const    0x00019f50     0x4  Show.o [1]
  .rodata              const    0x00019f54     0x4  Show.o [1]
  .rodata              const    0x00019f58     0x4  Show.o [1]
  .rodata              const    0x00019f5c     0x4  Show.o [1]
  .rodata              const    0x00019f60     0x4  Show.o [1]
  .rodata              const    0x00019f64     0x4  Show.o [1]
  .rodata              const    0x00019f68     0x4  Show.o [1]
  .rodata              const    0x00019f6c     0x4  Show.o [1]
  .rodata              const    0x00019f70     0x4  Show.o [1]
  .rodata              const    0x00019f74     0x4  Show.o [1]
  .rodata              const    0x00019f78     0x4  Show.o [1]
  .rodata              const    0x00019f7c     0x4  Show.o [1]
  .rodata              const    0x00019f80     0x4  Show.o [1]
  .rodata              const    0x00019f84     0x4  Show.o [1]
  .rodata              const    0x00019f88     0x4  Show.o [1]
  .rodata              const    0x00019f8c     0x4  Show.o [1]
  .rodata              const    0x00019f90     0x4  Show.o [1]
  .rodata              const    0x00019f94     0x4  Show.o [1]
  .rodata              const    0x00019f98     0x4  Show.o [1]
  .rodata              const    0x00019f9c     0x4  Show.o [1]
  .rodata              const    0x00019fa0     0x4  Show.o [1]
  .rodata              const    0x00019fa4     0x4  Show.o [1]
  .rodata              const    0x00019fa8     0x4  Show.o [1]
  .rodata              const    0x00019fac     0x4  Show.o [1]
  .rodata              const    0x00019fb0     0x4  Show.o [1]
  .rodata              const    0x00019fb4     0x4  Show.o [1]
  .rodata              const    0x00019fb8     0x4  Show.o [1]
  .rodata              const    0x00019fbc     0x4  Show.o [1]
  .rodata              const    0x00019fc0     0x4  Show.o [1]
  .rodata              const    0x00019fc4     0x4  Show.o [1]
  .rodata              const    0x00019fc8     0x4  Show.o [1]
  .rodata              const    0x00019fcc     0x4  Show.o [1]
  .rodata              const    0x00019fd0     0x4  Show.o [1]
  .rodata              const    0x00019fd4     0x4  Show.o [1]
  .rodata              const    0x00019fd8     0x4  Show.o [1]
  .rodata              const    0x00019fdc     0x4  Show.o [1]
  .rodata              const    0x00019fe0     0x4  Show.o [1]
  .rodata              const    0x00019fe4     0x4  Show.o [1]
  .rodata              const    0x00019fe8     0x4  Show.o [1]
  .rodata              const    0x00019fec     0x4  Show.o [1]
  .rodata              const    0x00019ff0     0x4  Show.o [1]
  .rodata              const    0x00019ff4     0x4  Show.o [1]
  .rodata              const    0x00019ff8     0x4  Show.o [1]
  .rodata              const    0x00019ffc     0x4  Show.o [1]
  .rodata              const    0x0001a000     0x4  Show.o [1]
  .rodata              const    0x0001a004     0x4  Show.o [1]
  .rodata              const    0x0001a008     0x4  Show.o [1]
  .rodata              const    0x0001a00c     0x4  Show.o [1]
  .rodata              const    0x0001a010     0x4  Show.o [1]
  .rodata              const    0x0001a014     0x4  Show.o [1]
  .rodata              const    0x0001a018     0x4  Show.o [1]
  .rodata              const    0x0001a01c     0x4  Show.o [1]
  .rodata              const    0x0001a020     0x4  Show.o [1]
  .rodata              const    0x0001a024     0x0  zero_init3.o [5]
                              - 0x0001a024  0x9c0c

"P1", part 2 of 2:                             0x0
  CodeRelocate                  0x0001a024     0x0  <Block>

"P2", part 1 of 3:                           0x110
  .data                         0x1fff0410   0x110  <Block>
    .data-1                     0x1fff0410   0x10f  <Init block>
      .data            inited   0x1fff0410     0x8  MK66_adc.o [1]
      .data            inited   0x1fff0418     0x4  MK66_conf.o [1]
      .data            inited   0x1fff041c    0x14  MK66_gpio.o [1]
      .data            inited   0x1fff0430    0x14  MK66_port.o [1]
      .data            inited   0x1fff0444    0x14  MK66_uart.o [1]
      .data            inited   0x1fff0458    0x18  PID.o [1]
      .data            inited   0x1fff0470    0x18  PID.o [1]
      .data            inited   0x1fff0488    0x18  PID.o [1]
      .data            inited   0x1fff04a0    0x50  Show.o [1]
      .data            inited   0x1fff04f0     0x8  Signal.o [1]
      .data            inited   0x1fff04f8     0x8  VCAN_key.o [1]
      .data            inited   0x1fff0500    0x14  VCAN_LCD_ILI9325.o [1]
      .data            inited   0x1fff0514     0x4  VCAN_LED.o [1]
      .data            inited   0x1fff0518     0x2  VCAN_LCD_ILI9325.o [1]
      .data            inited   0x1fff051a     0x2  VCAN_LCD_ILI9325.o [1]
      .data            inited   0x1fff051c     0x1  Information.o [1]
      .data            inited   0x1fff051d     0x1  Scope.o [1]
      .data            inited   0x1fff051e     0x1  VCAN_LCD_ILI9325.o [1]
                              - 0x1fff0520   0x110

"P2", part 2 of 3:                          0x19e8
  .bss                          0x1fff0520  0x19e8  <Block>
    .bss               zero     0x1fff0520     0x4  Car.o [1]
    .bss               zero     0x1fff0524     0xc  Car.o [1]
    .bss               zero     0x1fff0530     0x8  debug.o [1]
    .bss               zero     0x1fff0538     0x4  debug.o [1]
    .bss               zero     0x1fff053c     0x4  debug.o [1]
    .bss               zero     0x1fff0540    0x64  debug.o [1]
    .bss               zero     0x1fff05a4     0x8  Information.o [1]
    .bss               zero     0x1fff05ac     0xc  Information.o [1]
    .bss               zero     0x1fff05b8     0x4  Information.o [1]
    .bss               zero     0x1fff05bc     0x4  Information.o [1]
    .bss               zero     0x1fff05c0     0x4  PID.o [1]
    .bss               zero     0x1fff05c4     0x4  PID.o [1]
    .bss               zero     0x1fff05c8  0x1790  Scope.o [1]
    .bss               zero     0x1fff1d58    0x14  Show.o [1]
    .bss               zero     0x1fff1d6c    0x3c  Show.o [1]
    .bss               zero     0x1fff1da8    0x38  Show.o [1]
    .bss               zero     0x1fff1de0    0xc0  Signal.o [1]
    .bss               zero     0x1fff1ea0     0x4  system_MK66FX18.o [1]
    .bss               zero     0x1fff1ea4     0x4  system_MK66FX18.o [1]
    .bss               zero     0x1fff1ea8     0x4  system_MK66FX18.o [1]
    .bss               zero     0x1fff1eac    0x28  VCAN_key.o [1]
    .bss               zero     0x1fff1ed4     0x8  VCAN_key.o [1]
    .bss               zero     0x1fff1edc     0x4  no_free_heap0.o [3]
    .bss               zero     0x1fff1ee0     0x4  xgetmemchunk.o [3]
    .bss               zero     0x1fff1ee4     0x2  Information.o [1]
    .bss               zero     0x1fff1ee6     0x2  Information.o [1]
    .bss               zero     0x1fff1ee8     0x2  Information.o [1]
    .bss               zero     0x1fff1eea     0x2  Information.o [1]
    .bss               zero     0x1fff1eec     0x2  Show.o [1]
    .bss               zero     0x1fff1eee     0x1  Car.o [1]
    .bss               zero     0x1fff1eef     0x1  Car.o [1]
    .bss               zero     0x1fff1ef0     0x1  Car.o [1]
    .bss               zero     0x1fff1ef1     0x1  Car.o [1]
    .bss               zero     0x1fff1ef2     0x1  Car.o [1]
    .bss               zero     0x1fff1ef3     0x1  Car.o [1]
    .bss               zero     0x1fff1ef4     0x1  debug.o [1]
    .bss               zero     0x1fff1ef5     0x1  debug.o [1]
    .bss               zero     0x1fff1ef6     0x1  debug.o [1]
    .bss               zero     0x1fff1ef7     0x1  distance.o [1]
    .bss               zero     0x1fff1ef8     0x1  distance.o [1]
    .bss               zero     0x1fff1ef9     0x1  distance.o [1]
    .bss               zero     0x1fff1efa     0x1  distance.o [1]
    .bss               zero     0x1fff1efb     0x1  Information.o [1]
    .bss               zero     0x1fff1efc     0x1  Information.o [1]
    .bss               zero     0x1fff1efd     0x1  MyISR.o [1]
    .bss               zero     0x1fff1efe     0x1  PID.o [1]
    .bss               zero     0x1fff1eff     0x1  PID.o [1]
    .bss               zero     0x1fff1f00     0x1  Scope.o [1]
    .bss               zero     0x1fff1f01     0x1  Show.o [1]
    .bss               zero     0x1fff1f02     0x1  Show.o [1]
    .bss               zero     0x1fff1f03     0x1  VCAN_key.o [1]
    .bss               zero     0x1fff1f04     0x1  VCAN_key.o [1]
    .bss               zero     0x1fff1f05     0x1  VCAN_key.o [1]
                              - 0x1fff1f08  0x19e8

"P2", part 3 of 3:                           0x200
  CodeRelocateRam               0x1fff1f08     0x0  <Block>
  HEAP                          0x1fff1f08   0x200  <Block>
    HEAP               uninit   0x1fff1f08   0x200  <Block tail>
                              - 0x1fff2108   0x200


*******************************************************************************
*** INIT TABLE
***

          Address     Size
          -------     ----
Zero (__iar_zero_init3)
    1 destination range, total size 0x19e6:
          0x1fff0520  0x19e6



*******************************************************************************
*** MODULE SUMMARY
***

    Module              ro code  ro data  rw data
    ------              -------  -------  -------
C:\Users\zhangyuliang\Desktop\L车工程\Prj\IAR\MK66FX18_Debug\Obj: [1]
    Car.o                 1 584                22
    Information.o         2 064        1       39
    MK66_adc.o              688       72        8
    MK66_conf.o             208       52        4
    MK66_flexbus.o          276
    MK66_gpio.o             452       84       20
    MK66_port.o             196       20       20
    MK66_uart.o             716       84       20
    MK66_wdog.o              64
    MyISR.o                 574      156        1
    PID.o                   820       72       82
    Scope.o               1 216    6 065    6 034
    Show.o               15 752    1 720      220
    Signal.o                704       16      200
    Tools.o                 124
    VCAN_LCD_ILI9325.o    2 064       25       25
    VCAN_LED.o              192        4        4
    VCAN_key.o              532        8       59
    debug.o                 864               119
    distance.o            1 136                 4
    main.o                  200
    misc.o                   84       60
    startup_MK66FX18.o        8
    system_MK66FX18.o       300                12
    vectors.o                      1 040
    ---------------------------------------------
    Total:               30 818    9 479    6 893

command line: [2]
    ---------------------------------------------
    Total:

dl7M_tlf.a: [3]
    abs.o                     8
    exit.o                    4
    low_level_init.o          4
    no_free_heap0.o          68                 4
    xgetmemchunk.o           44                 4
    ---------------------------------------------
    Total:                  128                 8

m7M_tls.a: [4]
    FltToDbl.o               72
    fpinit_M.o               34
    ---------------------------------------------
    Total:                  106

rt7M_tl.a: [5]
    ABImemclr.o               6
    ABImemcpy.o             166
    ABImemset.o              94
    XXexit.o                 12
    cexit.o                  10
    cmain.o                  30
    cstartup_M.o             12
    data_init.o              40
    zero_init3.o             64
    ---------------------------------------------
    Total:                  434

    Gaps                     12        2
    Linker created                    17      512
-------------------------------------------------
    Grand Total:         31 498    9 498    7 413


*******************************************************************************
*** ENTRY LIST
***

Entry                      Address    Size  Type      Object
-----                      -------    ----  ----      ------
.bss$$Base              0x1fff0520           --   Gb  - Linker created -
.bss$$Limit             0x1fff1f08           --   Gb  - Linker created -
.data$$Base             0x1fff0410           --   Gb  - Linker created -
.data$$Limit            0x1fff0520           --   Gb  - Linker created -
.data_init$$Base        0x000195d4           --   Gb  - Linker created -
.data_init$$Limit       0x000196e4           --   Gb  - Linker created -
.iar.init_table$$Base   0x0001992c           --   Gb  - Linker created -
.iar.init_table$$Limit  0x0001993c           --   Gb  - Linker created -
?main                   0x0001993d          Code  Gb  cmain.o [5]
ADCN                    0x1fff0410     0x8  Data  Gb  MK66_adc.o [1]
ADC_Channel             0x1fff04f0     0x8  Data  Gb  Signal.o [1]
ADC_init                0x00016ff1    0x38  Code  Gb  Signal.o [1]
AD_Scan                 0x000171bd    0x70  Code  Gb  Signal.o [1]
AD_first_get            0x00017091    0x90  Code  Lc  Signal.o [1]
AD_sliding_get          0x00017121    0x80  Code  Gb  Signal.o [1]
ASSERT_FAILED_STR       0x000198e4    0x24  Data  Gb  MK66_conf.o [1]
Adapt_M_Kp              0x1fff0488    0x18  Data  Gb  PID.o [1]
Adapt_S_Kd              0x1fff0470    0x18  Data  Gb  PID.o [1]
Adapt_S_Kp              0x1fff0458    0x18  Data  Gb  PID.o [1]
All_AD_init             0x0001722d     0xc  Code  Gb  Signal.o [1]
All_PID_init            0x00018d83    0x22  Code  Gb  PID.o [1]
All_show                0x000139e5    0x20  Code  Gb  Show.o [1]
Boot_action             0x00013aa5   0x410  Code  Gb  Show.o [1]
Buzzer                  0x0001817d    0xd4  Code  Gb  Car.o [1]
Buzzer::times           0x1fff1ef1     0x1  Data  Lc  Car.o [1]
Calcu_sub_mul_add       0x000167f5    0xac  Code  Gb  Information.o [1]
Car_create              0x00017eed   0x116  Code  Gb  Car.o [1]
Car_init                0x00018105    0x78  Code  Gb  Car.o [1]
Car_speed_get           0x00018003    0xa2  Code  Gb  Car.o [1]
Car_speed_get::queue    0x1fff0524     0xc  Data  Lc  Car.o [1]
Car_speed_get::rear     0x1fff1eee     0x1  Data  Lc  Car.o [1]
Car_speed_get::sample_times
                        0x1fff1eef     0x1  Data  Lc  Car.o [1]
CodeRelocate$$Base      0x0001a024           --   Gb  - Linker created -
CodeRelocate$$Limit     0x0001a024           --   Gb  - Linker created -
CodeRelocateRam$$Base   0x1fff1f08           --   Gb  - Linker created -
CodeRelocateRam$$Limit  0x1fff1f08           --   Gb  - Linker created -
Cursor_move             0x0001474f    0xbe  Code  Gb  Scope.o [1]
Cursor_move::last_seat  0x1fff051d     0x1  Data  Lc  Scope.o [1]
DATA                    0x1fff053c     0x4  Data  Lc  debug.o [1]
DIR_gain                0x1fff05a4     0x8  Data  Gb  Information.o [1]
Direct_error            0x00016ef9    0xc0  Code  Gb  Information.o [1]
Distance_init           0x0001858d    0x5a  Code  Gb  distance.o [1]
Distance_measure        0x00018647    0xe6  Code  Gb  distance.o [1]
Distance_measure::times
                        0x1fff1ef8     0x1  Data  Lc  distance.o [1]
Distance_send           0x000185e7    0x60  Code  Gb  distance.o [1]
Distance_send::times    0x1fff1ef7     0x1  Data  Lc  distance.o [1]
Ecc_Car                 0x1fff0520     0x4  Data  Gb  Car.o [1]
Error_update            0x000180a5    0x5e  Code  Gb  Car.o [1]
Error_update::times     0x1fff1ef0     0x1  Data  Lc  Car.o [1]
Flag_protection         0x000192df    0x66  Code  Gb  Tools.o [1]
GAIN_SET                0x000167e1    0x14  Code  Lc  Information.o [1]
GAIN_SET                0x000192d1     0xe  Code  Lc  Tools.o [1]
GEAR_SHOW               0x00010493   0x1e6  Code  Lc  Show.o [1]
GPIOX                   0x1fff041c    0x14  Data  Gb  MK66_gpio.o [1]
Get_min_max             0x000171a1    0x1c  Code  Lc  Signal.o [1]
HEAP$$Base              0x1fff1f08           --   Gb  - Linker created -
HEAP$$Limit             0x1fff2108           --   Gb  - Linker created -
Hoare_process           0x0001843d    0x8c  Code  Gb  Car.o [1]
Hoare_process::re_judge
                        0x1fff1ef3     0x1  Data  Lc  Car.o [1]
Hoare_process::times    0x1fff1ef2     0x1  Data  Lc  Car.o [1]
Induct                  0x1fff1de0    0xc0  Data  Gb  Signal.o [1]
Insert_to_queue         0x00014473   0x2dc  Code  Gb  Scope.o [1]
KEY_PTxn                0x1fff04f8     0x8  Data  Gb  VCAN_key.o [1]
LCD_ILI9325_dir         0x00017aed    0xf6  Code  Gb  VCAN_LCD_ILI9325.o [1]
LCD_ILI9325_init        0x000175db    0x2a  Code  Gb  VCAN_LCD_ILI9325.o [1]
LCD_ILI9325_org_init    0x00017605   0x4e8  Code  Gb  VCAN_LCD_ILI9325.o [1]
LCD_ILI9325_ptlon       0x00017be3   0x1dc  Code  Gb  VCAN_LCD_ILI9325.o [1]
LCD_ILI9325_ramwr       0x000175c9     0xa  Code  Gb  VCAN_LCD_ILI9325.o [1]
LCD_ILI9325_wr_data     0x000175d3     0x8  Code  Gb  VCAN_LCD_ILI9325.o [1]
LED_PTxn                0x1fff0514     0x4  Data  Gb  VCAN_LED.o [1]
Mean_Filter             0x00017029    0x68  Code  Gb  Signal.o [1]
Modify_Parameter        0x000189fd   0x12e  Code  Gb  debug.o [1]
Motor_PID               0x1fff05c4     0x4  Data  Gb  PID.o [1]
Motor_move              0x000183b1    0x86  Code  Gb  Car.o [1]
Motor_set               0x0001832d    0x80  Code  Gb  Car.o [1]
NVIC_EnableIRQ          0x00014d85    0x18  Code  Lc  MK66_uart.o [1]
NVIC_EnableIRQ          0x000190ad    0x16  Code  Lc  MyISR.o [1]
NVIC_SetPriority        0x000190c3    0x2c  Code  Lc  MyISR.o [1]
NVIC_SetPriorityGrouping
                        0x00019091    0x1c  Code  Lc  MyISR.o [1]
Normalized              0x00017239    0x5c  Code  Gb  Signal.o [1]
Obstacle_avoidance      0x0001872d   0x212  Code  Gb  distance.o [1]
Obstacle_avoidance::re_judge
                        0x1fff1efa     0x1  Data  Lc  distance.o [1]
Obstacle_avoidance::times
                        0x1fff1ef9     0x1  Data  Lc  distance.o [1]
Outside_judge           0x000168a1    0xdc  Code  Gb  Information.o [1]
Outside_judge::last_error
                        0x1fff1ee4     0x2  Data  Lc  Information.o [1]
Outside_judge::times    0x1fff1ee6     0x2  Data  Lc  Information.o [1]
PID_Adapt               0x00018dc5    0x34  Code  Gb  PID.o [1]
PID_Handler             0x00018df9   0x268  Code  Gb  PID.o [1]
PID_Handler::Motor_time
                        0x1fff1eff     0x1  Data  Lc  PID.o [1]
PID_Handler::Servo_time
                        0x1fff1efe     0x1  Data  Lc  PID.o [1]
PID_Increase            0x00018da5    0x20  Code  Gb  PID.o [1]
PID_create              0x00018d5d    0x26  Code  Gb  PID.o [1]
PIT0_Handler            0x00019155    0xc0  Code  Gb  MyISR.o [1]
PIT0_Handler::led_times
                        0x1fff1efd     0x1  Data  Lc  MyISR.o [1]
PORTE_Handler           0x0001893f    0x92  Code  Gb  distance.o [1]
PORTX                   0x1fff0430    0x14  Data  Gb  MK66_port.o [1]
Region$$Table$$Base     0x0001992c           --   Gb  - Linker created -
Region$$Table$$Limit    0x0001993c           --   Gb  - Linker created -
Reset_Handler           0x00010411          Code  Gb  startup_MK66FX18.o [1]
Round_judge             0x0001697d   0x57c  Code  Gb  Information.o [1]
Round_judge::Round_move
                        0x1fff1efb     0x1  Data  Lc  Information.o [1]
Round_judge::limit      0x1fff051c     0x1  Data  Lc  Information.o [1]
Round_judge::max_input  0x1fff1ee8     0x2  Data  Lc  Information.o [1]
Round_judge::re_judge   0x1fff1efc     0x1  Data  Lc  Information.o [1]
Round_judge::re_times   0x1fff1eea     0x2  Data  Lc  Information.o [1]
Round_judge::speed_sum  0x1fff05b8     0x4  Data  Lc  Information.o [1]
Round_judge::times      0x1fff05bc     0x4  Data  Lc  Information.o [1]
SEAT                    0x00010419    0x7a  Code  Lc  Show.o [1]
SHOW_0                  0x00010679   0x148  Code  Lc  Show.o [1]
Scope                   0x1fff05c8  0x1790  Data  Gb  Scope.o [1]
Scope_init              0x000143b5    0xbe  Code  Gb  Scope.o [1]
Scope_init::re_init     0x1fff1f00     0x1  Data  Lc  Scope.o [1]
Scope_show              0x0001480d    0x3c  Code  Gb  Scope.o [1]
Send_Parameter          0x00018b2b   0x122  Code  Gb  debug.o [1]
Servo_PID               0x1fff05c0     0x4  Data  Gb  PID.o [1]
Servo_move              0x000182c9    0x64  Code  Gb  Car.o [1]
Servo_set               0x00018251    0x76  Code  Gb  Car.o [1]
Show                    0x1fff04a0    0x50  Data  Gb  Show.o [1]
Tree                    0x1fff1da8    0x38  Data  Gb  Show.o [1]
Tree_init               0x000107c1   0x204  Code  Gb  Show.o [1]
UARTN                   0x1fff0444    0x14  Data  Gb  MK66_uart.o [1]
Uart_Handler            0x00018c4d    0xf2  Code  Gb  debug.o [1]
Uart_Handler::Data_Receiving
                        0x1fff1ef6     0x1  Data  Lc  debug.o [1]
Uart_Handler::Recv_Buff
                        0x1fff0540    0x64  Data  Lc  debug.o [1]
Uart_Handler::data_cnt  0x1fff1ef5     0x1  Data  Lc  debug.o [1]
Uart_Handler::recv      0x1fff1ef4     0x1  Data  Lc  debug.o [1]
Vector_enable_init      0x000192b9    0x16  Code  Gb  MyISR.o [1]
Vector_handler_init     0x00019215    0x5a  Code  Gb  MyISR.o [1]
WZN                     0x1fff05ac     0xc  Data  Gb  Information.o [1]
__BOOT_STACK_ADDRESS {Abs}
                        0x2002fff8          Data  Gb  command line/config [2]
__VECTOR_RAM {Abs}      0x1fff0000          Data  Gb  command line/config [2]
__VECTOR_TABLE {Abs}    0x00010000          Data  Gb  command line/config [2]
__aeabi_f2d             0x00014875          Code  Gb  FltToDbl.o [4]
__aeabi_memclr          0x00017561          Code  Gb  ABImemclr.o [5]
__aeabi_memcpy          0x00014c05          Code  Gb  ABImemcpy.o [5]
__aeabi_memcpy4         0x00014c25          Code  Gb  ABImemcpy.o [5]
__aeabi_memcpy8         0x00014c25          Code  Gb  ABImemcpy.o [5]
__cmain                 0x0001993d          Code  Gb  cmain.o [5]
__code_start__ {Abs}    0x00010410          Data  Gb  command line/config [2]
__data_GetMemChunk      0x00018561    0x2c  Code  Gb  xgetmemchunk.o [3]
__data_GetMemChunk::start
                        0x1fff1ee0     0x4  Data  Lc  xgetmemchunk.o [3]
__exit                  0x00019971          Code  Gb  XXexit.o [5]
__iar_Memset_word       0x00017569          Code  Gb  ABImemset.o [5]
__iar_data_init3        0x000198bd    0x28  Code  Gb  data_init.o [5]
__iar_init_vfp          0x00019909          Code  Gb  fpinit_M.o [4]
__iar_program_start     0x00019da5          Code  Gb  cstartup_M.o [5]
__iar_systems$$module {Abs}
                        0x00000001          Data  Gb  command line/config [2]
__iar_zero_init3        0x000197a5    0x40  Code  Gb  zero_init3.o [5]
__low_level_init        0x0001995b     0x4  Code  Gb  low_level_init.o [3]
__no_free_malloc        0x0001851d    0x40  Code  Gb  no_free_heap0.o [3]
__vector_table          0x00010000   0x410  Data  Gb  vectors.o [1]
_call_main              0x00019949          Code  Gb  cmain.o [5]
_exit                   0x00019965          Code  Gb  cexit.o [5]
_main                   0x00019957          Code  Gb  cmain.o [5]
a                       0x1fff0538     0x4  Data  Gb  debug.o [1]
abs                     0x00014cab     0x8  Code  Gb  abs.o [3]
adc_init                0x000172b1   0x1f6  Code  Gb  MK66_adc.o [1]
adc_once                0x000174a7    0x56  Code  Gb  MK66_adc.o [1]
adc_start               0x000174fd    0x50  Code  Lc  MK66_adc.o [1]
assert_failed           0x00014cf5    0x2c  Code  Gb  MK66_conf.o [1]
bus_clk_khz             0x1fff1ea8     0x4  Data  Gb  system_MK66FX18.o [1]
common_startup          0x00019405    0x8a  Code  Gb  system_MK66FX18.o [1]
core_clk_khz            0x1fff1ea0     0x4  Data  Gb  system_MK66FX18.o [1]
core_clk_mhz            0x1fff1ea4     0x4  Data  Gb  system_MK66FX18.o [1]
data                    0x1fff1d58    0x14  Data  Gb  Show.o [1]
deb_control             0x1fff0530     0x8  Data  Gb  debug.o [1]
default_isr             0x00014d35    0x3e  Code  Gb  MK66_conf.o [1]
enter_fputc             0x00014d21    0x14  Code  Gb  MK66_conf.o [1]
enter_init              0x000190ef    0x66  Code  Lc  MyISR.o [1]
exit                    0x0001995f     0x4  Code  Gb  exit.o [3]
find                    0x00010a1b    0x3a  Code  Gb  Show.o [1]
flexbus_8080_init       0x00017dd9   0x114  Code  Gb  MK66_flexbus.o [1]
gear_select             0x000109c5    0x56  Code  Gb  Show.o [1]
get_key_msg             0x0001427b    0x62  Code  Gb  VCAN_key.o [1]
glcd                    0x1fff0418     0x4  Data  Gb  MK66_conf.o [1]
gpio_get                0x00014a39    0x3e  Code  Gb  MK66_gpio.o [1]
gpio_init               0x000148bd    0xc2  Code  Gb  MK66_gpio.o [1]
gpio_set                0x0001497f    0x7e  Code  Gb  MK66_gpio.o [1]
gpio_turn               0x000149fd    0x3c  Code  Gb  MK66_gpio.o [1]
ili9325_dir             0x1fff051e     0x1  Data  Gb  VCAN_LCD_ILI9325.o [1]
ili9325_h               0x1fff0518     0x2  Data  Gb  VCAN_LCD_ILI9325.o [1]
ili9325_w               0x1fff051a     0x2  Data  Gb  VCAN_LCD_ILI9325.o [1]
key_IRQHandler          0x000142dd    0xc0  Code  Gb  VCAN_key.o [1]
key_IRQHandler::keytime
                        0x1fff1ed4     0x8  Data  Lc  VCAN_key.o [1]
key_get                 0x000141fd    0x1c  Code  Gb  VCAN_key.o [1]
key_init                0x000141a1    0x5c  Code  Gb  VCAN_key.o [1]
key_msg                 0x1fff1eac    0x28  Data  Gb  VCAN_key.o [1]
key_msg_flag            0x1fff1f05     0x1  Data  Gb  VCAN_key.o [1]
key_msg_front           0x1fff1f03     0x1  Data  Gb  VCAN_key.o [1]
key_msg_rear            0x1fff1f04     0x1  Data  Gb  VCAN_key.o [1]
key_num                 0x1fff1f01     0x1  Data  Gb  Show.o [1]
key_num_get             0x00010a55    0x66  Code  Gb  Show.o [1]
key_process             0x00010b59  0x13ba  Code  Gb  Show.o [1]
key_show                0x00011f25  0x1a94  Code  Gb  Show.o [1]
key_show::last_mode     0x1fff1f02     0x1  Data  Lc  Show.o [1]
keymsg                  0x1fff1eec     0x2  Data  Gb  Show.o [1]
lcd_ili9325             0x1fff0500    0x14  Data  Gb  VCAN_LCD_ILI9325.o [1]
led                     0x00014b85    0x42  Code  Gb  VCAN_LED.o [1]
led_init                0x00014b45    0x40  Code  Gb  VCAN_LED.o [1]
led_turn                0x00014bc7    0x38  Code  Gb  VCAN_LED.o [1]
main                    0x0001950d    0xc8  Code  Gb  main.o [1]
md                      0x1fff1d6c    0x3c  Data  Gb  Show.o [1]
my_data_load            0x00013fd5    0xd4  Code  Gb  Show.o [1]
my_data_save            0x00013ef9    0xc6  Code  Gb  Show.o [1]
my_flash_init           0x00013eb9    0x24  Code  Gb  Show.o [1]
port_init               0x00014a81    0x4c  Code  Gb  MK66_port.o [1]
port_init_NoALT         0x00014acd    0x6e  Code  Gb  MK66_port.o [1]
qs                      0x1fff1edc     0x4  Data  Lc  no_free_heap0.o [3]
send_key_msg            0x00014219    0x62  Code  Gb  VCAN_key.o [1]
set_vector_handler      0x0001936f    0x24  Code  Gb  misc.o [1]
soft_delay_ms           0x00014cd9    0x1c  Code  Gb  MK66_conf.o [1]
soft_delay_us           0x00014cb5    0x24  Code  Gb  MK66_conf.o [1]
start                   0x000193a1    0x20  Code  Gb  system_MK66FX18.o [1]
sysinit                 0x000193c1    0x44  Code  Gb  system_MK66FX18.o [1]
uart_getchar            0x00014fab    0x22  Code  Gb  MK66_uart.o [1]
uart_init               0x00014d9d   0x20e  Code  Gb  MK66_uart.o [1]
uart_putchar            0x00014fcd    0x1e  Code  Gb  MK66_uart.o [1]
uart_query              0x00014feb    0x1a  Code  Gb  MK66_uart.o [1]
uart_rx_irq_en          0x00015005    0x30  Code  Gb  MK66_uart.o [1]
wdog_disable            0x000194cd    0x16  Code  Gb  MK66_wdog.o [1]
wdog_unlock             0x000194e3    0x22  Code  Lc  MK66_wdog.o [1]
write_vtor              0x0001934d    0x22  Code  Gb  misc.o [1]


[1] = C:\Users\zhangyuliang\Desktop\L车工程\Prj\IAR\MK66FX18_Debug\Obj
[2] = command line
[3] = dl7M_tlf.a
[4] = m7M_tls.a
[5] = rt7M_tl.a

  31 498 bytes of readonly  code memory
   9 498 bytes of readonly  data memory
   7 413 bytes of readwrite data memory

Errors: none
Warnings: none
